Component: ARM Compiler 5.06 update 5 (build 528) Tool: armlink [4d35e2]

==============================================================================

Section Cross References

    stm32f1xx_hal.o(i.HAL_DeInit) refers to stm32f1xx_hal.o(i.HAL_MspDeInit) for HAL_MspDeInit
    stm32f1xx_hal.o(i.HAL_Delay) refers to stm32f1xx_hal.o(i.HAL_GetTick) for HAL_GetTick
    stm32f1xx_hal.o(i.HAL_GetTick) refers to stm32f1xx_hal.o(.data) for .data
    stm32f1xx_hal.o(i.HAL_IncTick) refers to stm32f1xx_hal.o(.data) for .data
    stm32f1xx_hal.o(i.HAL_Init) refers to stm32f1xx_hal_cortex.o(i.HAL_NVIC_SetPriorityGrouping) for HAL_NVIC_SetPriorityGrouping
    stm32f1xx_hal.o(i.HAL_Init) refers to stm32f1xx_hal.o(i.HAL_InitTick) for HAL_InitTick
    stm32f1xx_hal.o(i.HAL_Init) refers to stm32f1xx_hal_msp.o(i.HAL_MspInit) for HAL_MspInit
    stm32f1xx_hal.o(i.HAL_InitTick) refers to stm32f1xx_hal_cortex.o(i.HAL_SYSTICK_Config) for HAL_SYSTICK_Config
    stm32f1xx_hal.o(i.HAL_InitTick) refers to stm32f1xx_hal_cortex.o(i.HAL_NVIC_SetPriority) for HAL_NVIC_SetPriority
    stm32f1xx_hal.o(i.HAL_InitTick) refers to system_stm32f1xx.o(.data) for SystemCoreClock
    stm32f1xx_hal_pwr.o(i.HAL_PWR_EnterSTOPMode) refers to stm32f1xx_hal_pwr.o(i.PWR_OverloadWfe) for PWR_OverloadWfe
    stm32f1xx_hal_pwr.o(i.HAL_PWR_PVD_IRQHandler) refers to stm32f1xx_hal_pwr.o(i.HAL_PWR_PVDCallback) for HAL_PWR_PVDCallback
    stm32f1xx_hal_tim_ex.o(i.HAL_TIMEx_ConfigCommutationEvent_DMA) refers to stm32f1xx_hal_tim_ex.o(i.TIMEx_DMACommutationCplt) for TIMEx_DMACommutationCplt
    stm32f1xx_hal_tim_ex.o(i.HAL_TIMEx_ConfigCommutationEvent_DMA) refers to stm32f1xx_hal_tim.o(i.TIM_DMAError) for TIM_DMAError
    stm32f1xx_hal_tim_ex.o(i.HAL_TIMEx_HallSensor_DeInit) refers to stm32f1xx_hal_tim_ex.o(i.HAL_TIMEx_HallSensor_MspDeInit) for HAL_TIMEx_HallSensor_MspDeInit
    stm32f1xx_hal_tim_ex.o(i.HAL_TIMEx_HallSensor_Init) refers to stm32f1xx_hal_tim_ex.o(i.HAL_TIMEx_HallSensor_MspInit) for HAL_TIMEx_HallSensor_MspInit
    stm32f1xx_hal_tim_ex.o(i.HAL_TIMEx_HallSensor_Init) refers to stm32f1xx_hal_tim.o(i.TIM_Base_SetConfig) for TIM_Base_SetConfig
    stm32f1xx_hal_tim_ex.o(i.HAL_TIMEx_HallSensor_Init) refers to stm32f1xx_hal_tim.o(i.TIM_TI1_SetConfig) for TIM_TI1_SetConfig
    stm32f1xx_hal_tim_ex.o(i.HAL_TIMEx_HallSensor_Init) refers to stm32f1xx_hal_tim.o(i.TIM_OC2_SetConfig) for TIM_OC2_SetConfig
    stm32f1xx_hal_tim_ex.o(i.HAL_TIMEx_HallSensor_Start) refers to stm32f1xx_hal_tim.o(i.TIM_CCxChannelCmd) for TIM_CCxChannelCmd
    stm32f1xx_hal_tim_ex.o(i.HAL_TIMEx_HallSensor_Start_DMA) refers to stm32f1xx_hal_tim.o(i.TIM_CCxChannelCmd) for TIM_CCxChannelCmd
    stm32f1xx_hal_tim_ex.o(i.HAL_TIMEx_HallSensor_Start_DMA) refers to stm32f1xx_hal_dma.o(i.HAL_DMA_Start_IT) for HAL_DMA_Start_IT
    stm32f1xx_hal_tim_ex.o(i.HAL_TIMEx_HallSensor_Start_DMA) refers to stm32f1xx_hal_tim.o(i.TIM_DMACaptureCplt) for TIM_DMACaptureCplt
    stm32f1xx_hal_tim_ex.o(i.HAL_TIMEx_HallSensor_Start_DMA) refers to stm32f1xx_hal_tim.o(i.TIM_DMAError) for TIM_DMAError
    stm32f1xx_hal_tim_ex.o(i.HAL_TIMEx_HallSensor_Start_IT) refers to stm32f1xx_hal_tim.o(i.TIM_CCxChannelCmd) for TIM_CCxChannelCmd
    stm32f1xx_hal_tim_ex.o(i.HAL_TIMEx_HallSensor_Stop) refers to stm32f1xx_hal_tim.o(i.TIM_CCxChannelCmd) for TIM_CCxChannelCmd
    stm32f1xx_hal_tim_ex.o(i.HAL_TIMEx_HallSensor_Stop_DMA) refers to stm32f1xx_hal_tim.o(i.TIM_CCxChannelCmd) for TIM_CCxChannelCmd
    stm32f1xx_hal_tim_ex.o(i.HAL_TIMEx_HallSensor_Stop_IT) refers to stm32f1xx_hal_tim.o(i.TIM_CCxChannelCmd) for TIM_CCxChannelCmd
    stm32f1xx_hal_tim_ex.o(i.HAL_TIMEx_OCN_Start) refers to stm32f1xx_hal_tim_ex.o(i.TIM_CCxNChannelCmd) for TIM_CCxNChannelCmd
    stm32f1xx_hal_tim_ex.o(i.HAL_TIMEx_OCN_Start_DMA) refers to stm32f1xx_hal_dma.o(i.HAL_DMA_Start_IT) for HAL_DMA_Start_IT
    stm32f1xx_hal_tim_ex.o(i.HAL_TIMEx_OCN_Start_DMA) refers to stm32f1xx_hal_tim_ex.o(i.TIM_CCxNChannelCmd) for TIM_CCxNChannelCmd
    stm32f1xx_hal_tim_ex.o(i.HAL_TIMEx_OCN_Start_DMA) refers to stm32f1xx_hal_tim.o(i.TIM_DMADelayPulseCplt) for TIM_DMADelayPulseCplt
    stm32f1xx_hal_tim_ex.o(i.HAL_TIMEx_OCN_Start_DMA) refers to stm32f1xx_hal_tim.o(i.TIM_DMAError) for TIM_DMAError
    stm32f1xx_hal_tim_ex.o(i.HAL_TIMEx_OCN_Start_IT) refers to stm32f1xx_hal_tim_ex.o(i.TIM_CCxNChannelCmd) for TIM_CCxNChannelCmd
    stm32f1xx_hal_tim_ex.o(i.HAL_TIMEx_OCN_Stop) refers to stm32f1xx_hal_tim_ex.o(i.TIM_CCxNChannelCmd) for TIM_CCxNChannelCmd
    stm32f1xx_hal_tim_ex.o(i.HAL_TIMEx_OCN_Stop_DMA) refers to stm32f1xx_hal_tim_ex.o(i.TIM_CCxNChannelCmd) for TIM_CCxNChannelCmd
    stm32f1xx_hal_tim_ex.o(i.HAL_TIMEx_OCN_Stop_IT) refers to stm32f1xx_hal_tim_ex.o(i.TIM_CCxNChannelCmd) for TIM_CCxNChannelCmd
    stm32f1xx_hal_tim_ex.o(i.HAL_TIMEx_OnePulseN_Start) refers to stm32f1xx_hal_tim_ex.o(i.TIM_CCxNChannelCmd) for TIM_CCxNChannelCmd
[...]
    .ARM.Collect$$$$00000004                 0x080000f0   Section        4  entry5.o(.ARM.Collect$$$$00000004)
    .ARM.Collect$$$$00000008                 0x080000f4   Section        0  entry7b.o(.ARM.Collect$$$$00000008)
    .ARM.Collect$$$$0000000A                 0x080000f4   Section        0  entry8b.o(.ARM.Collect$$$$0000000A)
    .ARM.Collect$$$$0000000B                 0x080000f4   Section        8  entry9a.o(.ARM.Collect$$$$0000000B)
    .ARM.Collect$$$$0000000D                 0x080000fc   Section        0  entry10a.o(.ARM.Collect$$$$0000000D)
    .ARM.Collect$$$$0000000F                 0x080000fc   Section        0  entry11a.o(.ARM.Collect$$$$0000000F)
    .ARM.Collect$$$$00002712                 0x080000fc   Section        4  entry2.o(.ARM.Collect$$$$00002712)
    __lit__00000000                          0x080000fc   Data           4  entry2.o(.ARM.Collect$$$$00002712)
    .text                                    0x08000100   Section       36  startup_stm32f103xb.o(.text)
    .text                                    0x08000124   Section        0  llushr.o(.text)
    .text                                    0x08000144   Section        0  strlen.o(.text)
    .text                                    0x08000152   Section        0  fadd.o(.text)
    .text                                    0x08000202   Section        0  fmul.o(.text)
    .text                                    0x08000266   Section        0  fdiv.o(.text)
    .text                                    0x080002e2   Section        0  dadd.o(.text)
    .text                                    0x08000430   Section        0  dmul.o(.text)
    .text                                    0x08000514   Section        0  ddiv.o(.text)
    .text                                    0x080005f2   Section        0  dscalb.o(.text)
    .text                                    0x08000620   Section        0  dflti.o(.text)
    .text                                    0x08000642   Section        0  ffixi.o(.text)
    .text                                    0x08000674   Section        0  f2d.o(.text)
    .text                                    0x0800069a   Section        0  d2f.o(.text)
    .text                                    0x080006d4   Section       20  cfcmple.o(.text)
    .text                                    0x080006e8   Section        0  uidiv.o(.text)
    .text                                    0x08000714   Section        0  llshl.o(.text)
    .text                                    0x08000732   Section        0  llsshr.o(.text)
    .text                                    0x08000756   Section        0  iusefp.o(.text)
    .text                                    0x08000756   Section        0  fepilogue.o(.text)
    .text                                    0x080007c4   Section        0  depilogue.o(.text)
    .text                                    0x08000880   Section       36  init.o(.text)
    .text                                    0x080008a4   Section        0  dsqrt.o(.text)
    i.BusFault_Handler                       0x08000946   Section        0  stm32f1xx_it.o(i.BusFault_Handler)
    i.Change_Robot_Position                  0x08000948   Section        0  robot_motion_control.o(i.Change_Robot_Position)
    i.Check_If_Balancing_Mode_Activated      0x08000a54   Section        0  pid_motor_control.o(i.Check_If_Balancing_Mode_Activated)
    i.Check_If_Robot_Enters_Vertical_Position 0x08000a74   Section        0  robot_motion_control.o(i.Check_If_Robot_Enters_Vertical_Position)
    i.Check_If_Robot_Tips_Over               0x08000ab4   Section        0  robot_motion_control.o(i.Check_If_Robot_Tips_Over)
    i.DebugMon_Handler                       0x08000b0c   Section        0  stm32f1xx_it.o(i.DebugMon_Handler)
    i.HAL_DMA_Abort_IT                       0x08000b10   Section        0  stm32f1xx_hal_dma.o(i.HAL_DMA_Abort_IT)
    i.HAL_Delay                              0x08000ba8   Section        0  stm32f1xx_hal.o(i.HAL_Delay)
    i.HAL_GPIO_Init                          0x08000bc4   Section        0  stm32f1xx_hal_gpio.o(i.HAL_GPIO_Init)
    i.HAL_GPIO_ReadPin                       0x08000d80   Section        0  stm32f1xx_hal_gpio.o(i.HAL_GPIO_ReadPin)
    i.HAL_GPIO_TogglePin                     0x08000d8a   Section        0  stm32f1xx_hal_gpio.o(i.HAL_GPIO_TogglePin)
    i.HAL_GPIO_WritePin                      0x08000d92   Section        0  stm32f1xx_hal_gpio.o(i.HAL_GPIO_WritePin)
    i.HAL_GetTick                            0x08000d9c   Section        0  stm32f1xx_hal.o(i.HAL_GetTick)
    i.HAL_I2C_AbortCpltCallback              0x08000da8   Section        0  stm32f1xx_hal_i2c.o(i.HAL_I2C_AbortCpltCallback)
    i.HAL_I2C_AddrCallback                   0x08000daa   Section        0  stm32f1xx_hal_i2c.o(i.HAL_I2C_AddrCallback)
    i.HAL_I2C_ER_IRQHandler                  0x08000dac   Section        0  stm32f1xx_hal_i2c.o(i.HAL_I2C_ER_IRQHandler)
    i.HAL_I2C_EV_IRQHandler                  0x08000e7c   Section        0  stm32f1xx_hal_i2c.o(i.HAL_I2C_EV_IRQHandler)
    i.HAL_I2C_ErrorCallback                  0x0800106c   Section        0  stm32f1xx_hal_i2c.o(i.HAL_I2C_ErrorCallback)
    i.HAL_I2C_Init                           0x08001070   Section        0  stm32f1xx_hal_i2c.o(i.HAL_I2C_Init)
    i.HAL_I2C_ListenCpltCallback             0x08001178   Section        0  stm32f1xx_hal_i2c.o(i.HAL_I2C_ListenCpltCallback)
    i.HAL_I2C_MasterRxCpltCallback           0x0800117a   Section        0  stm32f1xx_hal_i2c.o(i.HAL_I2C_MasterRxCpltCallback)
    i.HAL_I2C_MasterTxCpltCallback           0x0800117c   Section        0  stm32f1xx_hal_i2c.o(i.HAL_I2C_MasterTxCpltCallback)
    i.HAL_I2C_Master_Receive                 0x08001180   Section        0  stm32f1xx_hal_i2c.o(i.HAL_I2C_Master_Receive)
    i.HAL_I2C_Master_Transmit                0x08001390   Section        0  stm32f1xx_hal_i2c.o(i.HAL_I2C_Master_Transmit)
    i.HAL_I2C_MemRxCpltCallback              0x080014c8   Section        0  stm32f1xx_hal_i2c.o(i.HAL_I2C_MemRxCpltCallback)
    i.HAL_I2C_MemTxCpltCallback              0x080014ca   Section        0  stm32f1xx_hal_i2c.o(i.HAL_I2C_MemTxCpltCallback)
    i.HAL_I2C_MspInit                        0x080014cc   Section        0  stm32f1xx_hal_msp.o(i.HAL_I2C_MspInit)
    i.HAL_I2C_SlaveRxCpltCallback            0x0800155c   Section        0  stm32f1xx_hal_i2c.o(i.HAL_I2C_SlaveRxCpltCallback)
    i.HAL_I2C_SlaveTxCpltCallback            0x0800155e   Section        0  stm32f1xx_hal_i2c.o(i.HAL_I2C_SlaveTxCpltCallback)
    i.HAL_IncTick                            0x08001560   Section        0  stm32f1xx_hal.o(i.HAL_IncTick)
    i.HAL_Init                               0x08001570   Section        0  stm32f1xx_hal.o(i.HAL_Init)
    i.HAL_InitTick                           0x08001594   Section        0  stm32f1xx_hal.o(i.HAL_InitTick)
    i.HAL_MspInit                            0x080015bc   Section        0  stm32f1xx_hal_msp.o(i.HAL_MspInit)
    i.HAL_NVIC_EnableIRQ                     0x08001640   Section        0  stm32f1xx_hal_cortex.o(i.HAL_NVIC_EnableIRQ)
    i.HAL_NVIC_SetPriority                   0x08001658   Section        0  stm32f1xx_hal_cortex.o(i.HAL_NVIC_SetPriority)
    i.HAL_NVIC_SetPriorityGrouping           0x08001698   Section        0  stm32f1xx_hal_cortex.o(i.HAL_NVIC_SetPriorityGrouping)
    i.HAL_RCC_ClockConfig                    0x080016bc   Section        0  stm32f1xx_hal_rcc.o(i.HAL_RCC_ClockConfig)
    i.HAL_RCC_GetHCLKFreq                    0x08001810   Section        0  stm32f1xx_hal_rcc.o(i.HAL_RCC_GetHCLKFreq)
    i.HAL_RCC_GetPCLK1Freq                   0x0800181c   Section        0  stm32f1xx_hal_rcc.o(i.HAL_RCC_GetPCLK1Freq)
    i.HAL_RCC_GetPCLK2Freq                   0x0800183c   Section        0  stm32f1xx_hal_rcc.o(i.HAL_RCC_GetPCLK2Freq)
    i.HAL_RCC_GetSysClockFreq                0x0800185c   Section        0  stm32f1xx_hal_rcc.o(i.HAL_RCC_GetSysClockFreq)
    i.HAL_RCC_OscConfig                      0x080018c8   Section        0  stm32f1xx_hal_rcc.o(i.HAL_RCC_OscConfig)
    i.HAL_SPI_Init                           0x08001bcc   Section        0  stm32f1xx_hal_spi_ex.o(i.HAL_SPI_Init)
    i.HAL_SPI_MspInit                        0x08001c50   Section        0  stm32f1xx_hal_msp.o(i.HAL_SPI_MspInit)
    i.HAL_SPI_Receive                        0x08001ca8   Section        0  stm32f1xx_hal_spi.o(i.HAL_SPI_Receive)
    i.HAL_SPI_Transmit                       0x08001df8   Section        0  stm32f1xx_hal_spi.o(i.HAL_SPI_Transmit)
    i.HAL_SPI_TransmitReceive                0x08001f60   Section        0  stm32f1xx_hal_spi.o(i.HAL_SPI_TransmitReceive)
    i.HAL_SYSTICK_CLKSourceConfig            0x08002138   Section        0  stm32f1xx_hal_cortex.o(i.HAL_SYSTICK_CLKSourceConfig)
    i.HAL_SYSTICK_Callback                   0x08002150   Section        0  stm32f1xx_hal_cortex.o(i.HAL_SYSTICK_Callback)
    i.HAL_SYSTICK_Config                     0x08002152   Section        0  stm32f1xx_hal_cortex.o(i.HAL_SYSTICK_Config)
    i.HAL_SYSTICK_IRQHandler                 0x0800217a   Section        0  stm32f1xx_hal_cortex.o(i.HAL_SYSTICK_IRQHandler)
    i.HAL_TIMEx_BreakCallback                0x08002182   Section        0  stm32f1xx_hal_tim_ex.o(i.HAL_TIMEx_BreakCallback)
    i.HAL_TIMEx_CommutationCallback          0x08002184   Section        0  stm32f1xx_hal_tim_ex.o(i.HAL_TIMEx_CommutationCallback)
    i.HAL_TIMEx_MasterConfigSynchronization  0x08002186   Section        0  stm32f1xx_hal_tim_ex.o(i.HAL_TIMEx_MasterConfigSynchronization)
    i.HAL_TIM_Base_Init                      0x080021d6   Section        0  stm32f1xx_hal_tim.o(i.HAL_TIM_Base_Init)
    i.HAL_TIM_Base_MspInit                   0x0800220c   Section        0  stm32f1xx_hal_msp.o(i.HAL_TIM_Base_MspInit)
    i.HAL_TIM_Base_Start_IT                  0x080022f8   Section        0  stm32f1xx_hal_tim.o(i.HAL_TIM_Base_Start_IT)
    i.HAL_TIM_ConfigClockSource              0x08002310   Section        0  stm32f1xx_hal_tim.o(i.HAL_TIM_ConfigClockSource)
    i.HAL_TIM_IC_CaptureCallback             0x08002404   Section        0  main.o(i.HAL_TIM_IC_CaptureCallback)
    i.HAL_TIM_IC_ConfigChannel               0x08002518   Section        0  stm32f1xx_hal_tim.o(i.HAL_TIM_IC_ConfigChannel)
    i.HAL_TIM_IC_Init                        0x08002632   Section        0  stm32f1xx_hal_tim.o(i.HAL_TIM_IC_Init)
    i.HAL_TIM_IC_MspInit                     0x08002668   Section        0  stm32f1xx_hal_tim.o(i.HAL_TIM_IC_MspInit)
    i.HAL_TIM_IC_Start_IT                    0x0800266a   Section        0  stm32f1xx_hal_tim.o(i.HAL_TIM_IC_Start_IT)
    i.HAL_TIM_IRQHandler                     0x080026b6   Section        0  stm32f1xx_hal_tim.o(i.HAL_TIM_IRQHandler)
    i.HAL_TIM_MspPostInit                    0x0800281c   Section        0  stm32f1xx_hal_msp.o(i.HAL_TIM_MspPostInit)
    i.HAL_TIM_OC_DelayElapsedCallback        0x08002840   Section        0  stm32f1xx_hal_tim.o(i.HAL_TIM_OC_DelayElapsedCallback)
    i.HAL_TIM_PWM_ConfigChannel              0x08002842   Section        0  stm32f1xx_hal_tim.o(i.HAL_TIM_PWM_ConfigChannel)
    i.HAL_TIM_PWM_Init                       0x08002912   Section        0  stm32f1xx_hal_tim.o(i.HAL_TIM_PWM_Init)
    i.HAL_TIM_PWM_MspInit                    0x08002948   Section        0  stm32f1xx_hal_tim.o(i.HAL_TIM_PWM_MspInit)
    i.HAL_TIM_PWM_PulseFinishedCallback      0x0800294a   Section        0  stm32f1xx_hal_tim.o(i.HAL_TIM_PWM_PulseFinishedCallback)
    i.HAL_TIM_PWM_Start                      0x0800294c   Section        0  stm32f1xx_hal_tim.o(i.HAL_TIM_PWM_Start)
    i.HAL_TIM_PeriodElapsedCallback          0x0800297c   Section        0  main.o(i.HAL_TIM_PeriodElapsedCallback)
    i.HAL_TIM_TriggerCallback                0x08002a4c   Section        0  stm32f1xx_hal_tim.o(i.HAL_TIM_TriggerCallback)
    i.HAL_UART_ErrorCallback                 0x08002a4e   Section        0  stm32f1xx_hal_uart.o(i.HAL_UART_ErrorCallback)
    i.HAL_UART_IRQHandler                    0x08002a50   Section        0  stm32f1xx_hal_uart.o(i.HAL_UART_IRQHandler)
    i.HAL_UART_Init                          0x08002b60   Section        0  stm32f1xx_hal_uart.o(i.HAL_UART_Init)
    i.HAL_UART_MspInit                       0x08002bc4   Section        0  stm32f1xx_hal_msp.o(i.HAL_UART_MspInit)
    i.HAL_UART_Receive_IT                    0x08002c2c   Section        0  stm32f1xx_hal_uart.o(i.HAL_UART_Receive_IT)
    i.HAL_UART_RxCpltCallback                0x08002c80   Section        0  main.o(i.HAL_UART_RxCpltCallback)
    i.HAL_UART_Transmit                      0x08002cec   Section        0  stm32f1xx_hal_uart.o(i.HAL_UART_Transmit)
    i.HAL_UART_TxCpltCallback                0x08002da6   Section        0  stm32f1xx_hal_uart.o(i.HAL_UART_TxCpltCallback)
    i.HardFault_Handler                      0x08002da8   Section        0  stm32f1xx_it.o(i.HardFault_Handler)
    i.I2C1_ER_IRQHandler                     0x08002dac   Section        0  stm32f1xx_it.o(i.I2C1_ER_IRQHandler)
    i.I2C1_EV_IRQHandler                     0x08002db8   Section        0  stm32f1xx_it.o(i.I2C1_EV_IRQHandler)
    i.I2C_DMAAbort                           0x08002dc4   Section        0  stm32f1xx_hal_i2c.o(i.I2C_DMAAbort)
    I2C_DMAAbort                             0x08002dc5   Thumb Code    78  stm32f1xx_hal_i2c.o(i.I2C_DMAAbort)
    i.I2C_ITError                            0x08002e14   Section        0  stm32f1xx_hal_i2c.o(i.I2C_ITError)
    I2C_ITError                              0x08002e15   Thumb Code   284  stm32f1xx_hal_i2c.o(i.I2C_ITError)
    i.I2C_IsAcknowledgeFailed                0x08002f38   Section        0  stm32f1xx_hal_i2c.o(i.I2C_IsAcknowledgeFailed)
    I2C_IsAcknowledgeFailed                  0x08002f39   Thumb Code    40  stm32f1xx_hal_i2c.o(i.I2C_IsAcknowledgeFailed)
    i.I2C_MasterReceive_BTF                  0x08002f60   Section        0  stm32f1xx_hal_i2c.o(i.I2C_MasterReceive_BTF)
    I2C_MasterReceive_BTF                    0x08002f61   Thumb Code   194  stm32f1xx_hal_i2c.o(i.I2C_MasterReceive_BTF)
    i.I2C_MasterReceive_RXNE                 0x08003028   Section        0  stm32f1xx_hal_i2c.o(i.I2C_MasterReceive_RXNE)
    I2C_MasterReceive_RXNE                   0x08003029   Thumb Code   174  stm32f1xx_hal_i2c.o(i.I2C_MasterReceive_RXNE)
    i.I2C_MasterRequestRead                  0x080030d6   Section        0  stm32f1xx_hal_i2c.o(i.I2C_MasterRequestRead)
    I2C_MasterRequestRead                    0x080030d7   Thumb Code   222  stm32f1xx_hal_i2c.o(i.I2C_MasterRequestRead)
    i.I2C_MasterRequestWrite                 0x080031b4   Section        0  stm32f1xx_hal_i2c.o(i.I2C_MasterRequestWrite)
    I2C_MasterRequestWrite                   0x080031b5   Thumb Code   142  stm32f1xx_hal_i2c.o(i.I2C_MasterRequestWrite)
    i.I2C_MasterTransmit_BTF                 0x08003248   Section        0  stm32f1xx_hal_i2c.o(i.I2C_MasterTransmit_BTF)
    I2C_MasterTransmit_BTF                   0x08003249   Thumb Code   128  stm32f1xx_hal_i2c.o(i.I2C_MasterTransmit_BTF)
    i.I2C_MasterTransmit_TXE                 0x080032c8   Section        0  stm32f1xx_hal_i2c.o(i.I2C_MasterTransmit_TXE)
    I2C_MasterTransmit_TXE                   0x080032c9   Thumb Code   264  stm32f1xx_hal_i2c.o(i.I2C_MasterTransmit_TXE)
    i.I2C_Master_ADDR                        0x080033d0   Section        0  stm32f1xx_hal_i2c.o(i.I2C_Master_ADDR)
    I2C_Master_ADDR                          0x080033d1   Thumb Code   282  stm32f1xx_hal_i2c.o(i.I2C_Master_ADDR)
    i.I2C_Master_SB                          0x080034ea   Section        0  stm32f1xx_hal_i2c.o(i.I2C_Master_SB)
    I2C_Master_SB                            0x080034eb   Thumb Code    90  stm32f1xx_hal_i2c.o(i.I2C_Master_SB)
    i.I2C_Slave_AF                           0x08003544   Section        0  stm32f1xx_hal_i2c.o(i.I2C_Slave_AF)
    I2C_Slave_AF                             0x08003545   Thumb Code   128  stm32f1xx_hal_i2c.o(i.I2C_Slave_AF)
    i.I2C_Slave_STOPF                        0x080035c8   Section        0  stm32f1xx_hal_i2c.o(i.I2C_Slave_STOPF)
    I2C_Slave_STOPF                          0x080035c9   Thumb Code   214  stm32f1xx_hal_i2c.o(i.I2C_Slave_STOPF)
    i.I2C_WaitOnBTFFlagUntilTimeout          0x080036a4   Section        0  stm32f1xx_hal_i2c.o(i.I2C_WaitOnBTFFlagUntilTimeout)
    I2C_WaitOnBTFFlagUntilTimeout            0x080036a5   Thumb Code    78  stm32f1xx_hal_i2c.o(i.I2C_WaitOnBTFFlagUntilTimeout)
    i.I2C_WaitOnFlagUntilTimeout             0x080036f2   Section        0  stm32f1xx_hal_i2c.o(i.I2C_WaitOnFlagUntilTimeout)
    I2C_WaitOnFlagUntilTimeout               0x080036f3   Thumb Code    96  stm32f1xx_hal_i2c.o(i.I2C_WaitOnFlagUntilTimeout)
    i.I2C_WaitOnMasterAddressFlagUntilTimeout 0x08003754   Section        0  stm32f1xx_hal_i2c.o(i.I2C_WaitOnMasterAddressFlagUntilTimeout)
    I2C_WaitOnMasterAddressFlagUntilTimeout  0x08003755   Thumb Code   136  stm32f1xx_hal_i2c.o(i.I2C_WaitOnMasterAddressFlagUntilTimeout)
    i.I2C_WaitOnRXNEFlagUntilTimeout         0x080037dc   Section        0  stm32f1xx_hal_i2c.o(i.I2C_WaitOnRXNEFlagUntilTimeout)
    I2C_WaitOnRXNEFlagUntilTimeout           0x080037dd   Thumb Code    98  stm32f1xx_hal_i2c.o(i.I2C_WaitOnRXNEFlagUntilTimeout)
    i.I2C_WaitOnTXEFlagUntilTimeout          0x0800383e   Section        0  stm32f1xx_hal_i2c.o(i.I2C_WaitOnTXEFlagUntilTimeout)
    I2C_WaitOnTXEFlagUntilTimeout            0x0800383f   Thumb Code    78  stm32f1xx_hal_i2c.o(i.I2C_WaitOnTXEFlagUntilTimeout)
    i.MPU6050_calculate_angle_gyro           0x0800388c   Section        0  mpu6050.o(i.MPU6050_calculate_angle_gyro)
    i.MPU6050_config                         0x080039b0   Section        0  mpu6050.o(i.MPU6050_config)
    i.MPU6050_detect_initial_angle           0x08003a18   Section        0  mpu6050.o(i.MPU6050_detect_initial_angle)
    i.MPU6050_pitch_calibration              0x08003aa8   Section        0  mpu6050.o(i.MPU6050_pitch_calibration)
    i.MX_GPIO_Init                           0x08003b30   Section        0  main.o(i.MX_GPIO_Init)
    MX_GPIO_Init                             0x08003b31   Thumb Code   178  main.o(i.MX_GPIO_Init)
    i.MX_I2C1_Init                           0x08003bf4   Section        0  main.o(i.MX_I2C1_Init)
    MX_I2C1_Init                             0x08003bf5   Thumb Code    44  main.o(i.MX_I2C1_Init)
    i.MX_I2C2_Init                           0x08003c2c   Section        0  main.o(i.MX_I2C2_Init)
    MX_I2C2_Init                             0x08003c2d   Thumb Code    44  main.o(i.MX_I2C2_Init)
    i.MX_SPI1_Init                           0x08003c64   Section        0  main.o(i.MX_SPI1_Init)
    MX_SPI1_Init                             0x08003c65   Thumb Code    56  main.o(i.MX_SPI1_Init)
    i.MX_TIM1_Init                           0x08003ca4   Section        0  main.o(i.MX_TIM1_Init)
    MX_TIM1_Init                             0x08003ca5   Thumb Code   112  main.o(i.MX_TIM1_Init)
    i.MX_TIM2_Init                           0x08003d1c   Section        0  main.o(i.MX_TIM2_Init)
    MX_TIM2_Init                             0x08003d1d   Thumb Code   132  main.o(i.MX_TIM2_Init)
    i.MX_TIM3_Init                           0x08003da4   Section        0  main.o(i.MX_TIM3_Init)
    MX_TIM3_Init                             0x08003da5   Thumb Code   110  main.o(i.MX_TIM3_Init)
    i.MX_TIM4_Init                           0x08003e1c   Section        0  main.o(i.MX_TIM4_Init)
    MX_TIM4_Init                             0x08003e1d   Thumb Code    76  main.o(i.MX_TIM4_Init)
    i.MemManage_Handler                      0x08003e70   Section        0  stm32f1xx_it.o(i.MemManage_Handler)
    i.NMI_Handler                            0x08003e72   Section        0  stm32f1xx_it.o(i.NMI_Handler)
    i.NRF24_FlushRx                          0x08003e74   Section        0  nrf24l01.o(i.NRF24_FlushRx)
    i.NRF24_init                             0x08003ea8   Section        0  nrf24l01.o(i.NRF24_init)
    i.NRF24_read_reg                         0x08003f38   Section        0  nrf24l01.o(i.NRF24_read_reg)
    i.NRF24_write_reg                        0x08003f80   Section        0  nrf24l01.o(i.NRF24_write_reg)
    i.NVIC_SetPriority                       0x08003fc8   Section        0  stm32f1xx_hal_cortex.o(i.NVIC_SetPriority)
    NVIC_SetPriority                         0x08003fc9   Thumb Code    32  stm32f1xx_hal_cortex.o(i.NVIC_SetPriority)
    i.PendSV_Handler                         0x08003fe8   Section        0  stm32f1xx_it.o(i.PendSV_Handler)
    i.Raise_Or_Lower_Down_Robot              0x08003fec   Section        0  robot_motion_control.o(i.Raise_Or_Lower_Down_Robot)
    i.Rotate_Servo_Arm_To_Vertical_Position  0x08004070   Section        0  robot_motion_control.o(i.Rotate_Servo_Arm_To_Vertical_Position)
    i.SPI_CheckFlag_BSY                      0x080040ac   Section        0  stm32f1xx_hal_spi.o(i.SPI_CheckFlag_BSY)
    SPI_CheckFlag_BSY                        0x080040ad   Thumb Code    32  stm32f1xx_hal_spi.o(i.SPI_CheckFlag_BSY)
    i.SPI_WaitFlagStateUntilTimeout          0x080040cc   Section        0  stm32f1xx_hal_spi.o(i.SPI_WaitFlagStateUntilTimeout)
    SPI_WaitFlagStateUntilTimeout            0x080040cd   Thumb Code   150  stm32f1xx_hal_spi.o(i.SPI_WaitFlagStateUntilTimeout)
    i.SVC_Handler                            0x08004162   Section        0  stm32f1xx_it.o(i.SVC_Handler)
    i.SysTick_Handler                        0x08004164   Section        0  main.o(i.SysTick_Handler)
    i.SystemClock_Config                     0x08004180   Section        0  main.o(i.SystemClock_Config)
    i.SystemInit                             0x080041e8   Section        0  system_stm32f1xx.o(i.SystemInit)
    i.TIM1_CC_IRQHandler                     0x08004230   Section        0  stm32f1xx_it.o(i.TIM1_CC_IRQHandler)
    i.TIM2_IRQHandler                        0x0800423c   Section        0  stm32f1xx_it.o(i.TIM2_IRQHandler)
    i.TIM3_IRQHandler                        0x08004248   Section        0  stm32f1xx_it.o(i.TIM3_IRQHandler)
    i.TIM4_IRQHandler                        0x08004254   Section        0  stm32f1xx_it.o(i.TIM4_IRQHandler)
    i.TIM_Base_SetConfig                     0x08004260   Section        0  stm32f1xx_hal_tim.o(i.TIM_Base_SetConfig)
    i.TIM_CCxChannelCmd                      0x080042cc   Section        0  stm32f1xx_hal_tim.o(i.TIM_CCxChannelCmd)
    i.TIM_ETR_SetConfig                      0x080042e2   Section        0  stm32f1xx_hal_tim.o(i.TIM_ETR_SetConfig)
    TIM_ETR_SetConfig                        0x080042e3   Thumb Code    20  stm32f1xx_hal_tim.o(i.TIM_ETR_SetConfig)
    i.TIM_ITRx_SetConfig                     0x080042f6   Section        0  stm32f1xx_hal_tim.o(i.TIM_ITRx_SetConfig)
    TIM_ITRx_SetConfig                       0x080042f7   Thumb Code    16  stm32f1xx_hal_tim.o(i.TIM_ITRx_SetConfig)
    i.TIM_OC1_SetConfig                      0x08004308   Section        0  stm32f1xx_hal_tim.o(i.TIM_OC1_SetConfig)
    TIM_OC1_SetConfig                        0x08004309   Thumb Code    74  stm32f1xx_hal_tim.o(i.TIM_OC1_SetConfig)
    i.TIM_OC2_SetConfig                      0x08004358   Section        0  stm32f1xx_hal_tim.o(i.TIM_OC2_SetConfig)
    i.TIM_OC3_SetConfig                      0x080043b0   Section        0  stm32f1xx_hal_tim.o(i.TIM_OC3_SetConfig)
    TIM_OC3_SetConfig                        0x080043b1   Thumb Code    82  stm32f1xx_hal_tim.o(i.TIM_OC3_SetConfig)
    i.TIM_OC4_SetConfig                      0x08004408   Section        0  stm32f1xx_hal_tim.o(i.TIM_OC4_SetConfig)
    TIM_OC4_SetConfig                        0x08004409   Thumb Code    64  stm32f1xx_hal_tim.o(i.TIM_OC4_SetConfig)
    i.TIM_TI1_ConfigInputStage               0x0800444c   Section        0  stm32f1xx_hal_tim.o(i.TIM_TI1_ConfigInputStage)
    TIM_TI1_ConfigInputStage                 0x0800444d   Thumb Code    34  stm32f1xx_hal_tim.o(i.TIM_TI1_ConfigInputStage)
    i.TIM_TI1_SetConfig                      0x08004470   Section        0  stm32f1xx_hal_tim.o(i.TIM_TI1_SetConfig)
    i.TIM_TI2_ConfigInputStage               0x080044c8   Section        0  stm32f1xx_hal_tim.o(i.TIM_TI2_ConfigInputStage)
    TIM_TI2_ConfigInputStage                 0x080044c9   Thumb Code    36  stm32f1xx_hal_tim.o(i.TIM_TI2_ConfigInputStage)
    i.TIM_TI2_SetConfig                      0x080044ec   Section        0  stm32f1xx_hal_tim.o(i.TIM_TI2_SetConfig)
    TIM_TI2_SetConfig                        0x080044ed   Thumb Code    54  stm32f1xx_hal_tim.o(i.TIM_TI2_SetConfig)
    i.UART_DMAAbortOnError                   0x08004522   Section        0  stm32f1xx_hal_uart.o(i.UART_DMAAbortOnError)
    UART_DMAAbortOnError                     0x08004523   Thumb Code    16  stm32f1xx_hal_uart.o(i.UART_DMAAbortOnError)
    i.UART_EndRxTransfer                     0x08004532   Section        0  stm32f1xx_hal_uart.o(i.UART_EndRxTransfer)
    UART_EndRxTransfer                       0x08004533   Thumb Code    28  stm32f1xx_hal_uart.o(i.UART_EndRxTransfer)
    i.UART_Receive_IT                        0x0800454e   Section        0  stm32f1xx_hal_uart.o(i.UART_Receive_IT)
    UART_Receive_IT                          0x0800454f   Thumb Code   150  stm32f1xx_hal_uart.o(i.UART_Receive_IT)
    i.UART_SetConfig                         0x080045e4   Section        0  stm32f1xx_hal_uart.o(i.UART_SetConfig)
    UART_SetConfig                           0x080045e5   Thumb Code   364  stm32f1xx_hal_uart.o(i.UART_SetConfig)
    i.UART_Transmit_IT                       0x08004754   Section        0  stm32f1xx_hal_uart.o(i.UART_Transmit_IT)
    UART_Transmit_IT                         0x08004755   Thumb Code    98  stm32f1xx_hal_uart.o(i.UART_Transmit_IT)
    i.UART_WaitOnFlagUntilTimeout            0x080047b6   Section        0  stm32f1xx_hal_uart.o(i.UART_WaitOnFlagUntilTimeout)
    UART_WaitOnFlagUntilTimeout              0x080047b7   Thumb Code   100  stm32f1xx_hal_uart.o(i.UART_WaitOnFlagUntilTimeout)
    i.USART1_IRQHandler                      0x0800481c   Section        0  stm32f1xx_it.o(i.USART1_IRQHandler)
    i.UsageFault_Handler                     0x08004828   Section        0  stm32f1xx_it.o(i.UsageFault_Handler)
    i.__0sprintf$1                           0x0800482c   Section        0  printf1.o(i.__0sprintf$1)
    i.__ARM_fpclassify                       0x08004854   Section        0  fpclassify.o(i.__ARM_fpclassify)
    i.__kernel_poly                          0x0800487c   Section        0  poly.o(i.__kernel_poly)
    i.__mathlib_dbl_infnan                   0x08004926   Section        0  dunder.o(i.__mathlib_dbl_infnan)
    i.__mathlib_dbl_invalid                  0x0800492c   Section        0  dunder.o(i.__mathlib_dbl_invalid)
    i.__mathlib_dbl_underflow                0x08004938   Section        0  dunder.o(i.__mathlib_dbl_underflow)
    i.__scatterload_copy                     0x08004948   Section       14  handlers.o(i.__scatterload_copy)
    i.__scatterload_null                     0x08004956   Section        2  handlers.o(i.__scatterload_null)
    i.__scatterload_zeroinit                 0x08004958   Section       14  handlers.o(i.__scatterload_zeroinit)
    i.__set_errno                            0x08004968   Section        0  errno.o(i.__set_errno)
    i._printf_core                           0x08004974   Section        0  printf1.o(i._printf_core)
    _printf_core                             0x08004975   Thumb Code   336  printf1.o(i._printf_core)
    i._sputc                                 0x08004ac8   Section        0  printf1.o(i._sputc)
    _sputc                                   0x08004ac9   Thumb Code    10  printf1.o(i._sputc)
    i.asin                                   0x08004ad4   Section        0  asin.o(i.asin)
    i.check_NRF24L01_payload                 0x08004d44   Section        0  nrf24l01.o(i.check_NRF24L01_payload)
    i.main                                   0x08004dc8   Section        0  main.o(i.main)
    i.micro                                  0x08004f1c   Section        0  main.o(i.micro)
    i.motor_movement_control                 0x08004f44   Section        0  pid_motor_control.o(i.motor_movement_control)
    i.motor_pulse_calculations               0x080050d4   Section        0  pid_motor_control.o(i.motor_pulse_calculations)
    i.pid_output_calculations                0x080051ec   Section        0  pid_motor_control.o(i.pid_output_calculations)
    i.sqrt                                   0x080052f8   Section        0  sqrt.o(i.sqrt)
    .constdata                               0x08005344   Section       16  system_stm32f1xx.o(.constdata)
    .constdata                               0x08005354   Section        8  system_stm32f1xx.o(.constdata)
    .constdata                               0x08005360   Section       80  asin.o(.constdata)
    pS                                       0x08005360   Data          48  asin.o(.constdata)
    qS                                       0x08005390   Data          32  asin.o(.constdata)
    .data                                    0x20000000   Section        4  stm32f1xx_hal.o(.data)
    .data                                    0x20000004   Section        4  system_stm32f1xx.o(.data)
    .data                                    0x20000008   Section       48  main.o(.data)
    .data                                    0x20000038   Section        1  main.o(.data)
    .data                                    0x2000003c   Section        4  main.o(.data)
    .data                                    0x20000040   Section        4  main.o(.data)
    .data                                    0x20000044   Section        4  main.o(.data)
    .data                                    0x20000048   Section        4  main.o(.data)
    .data                                    0x2000004c   Section        6  nrf24l01.o(.data)
    .data                                    0x20000054   Section       18  mpu6050.o(.data)
    .data                                    0x20000068   Section       44  pid_motor_control.o(.data)
    .data                                    0x20000094   Section        4  robot_motion_control.o(.data)
    .data                                    0x20000098   Section        4  errno.o(.data)
    _errno                                   0x20000098   Data           4  errno.o(.data)
    .bss                                     0x2000009c   Section      676  main.o(.bss)
    STACK                                    0x20000340   Section     1024  startup_stm32f103xb.o(STACK)

    Global Symbols

    Symbol Name                              Value     Ov Type        Size  Object(Section)

    BuildAttributes$$THM_ISAv4$P$D$K$B$S$PE$A:L22UL41UL21$X:L11$S22US41US21$IEEE1$IW$USESV6$~STKCKD$USESV7$~SHL$OTIME$ROPI$IEEEX$EBA8$MICROLIB$REQ8$PRES8$EABIv2 0x00000000   Number         0  anon$$obj.o ABSOLUTE
    __ARM_use_no_argv                        0x00000000   Number         0  main.o ABSOLUTE
    _printf_a                                0x00000000   Number         0  stubs.o ABSOLUTE
    _printf_c                                0x00000000   Number         0  stubs.o ABSOLUTE
    _printf_charcount                        0x00000000   Number         0  stubs.o ABSOLUTE
    _printf_d                                0x00000000   Number         0  stubs.o ABSOLUTE
    _printf_e                                0x00000000   Number         0  stubs.o ABSOLUTE
    _printf_f                                0x00000000   Number         0  stubs.o ABSOLUTE
    _printf_flags                            0x00000000   Number         0  stubs.o ABSOLUTE
    _printf_fp_dec                           0x00000000   Number         0  stubs.o ABSOLUTE
    _printf_fp_hex                           0x00000000   Number         0  stubs.o ABSOLUTE
    _printf_g                                0x00000000   Number         0  stubs.o ABSOLUTE
    _printf_i                                0x00000000   Number         0  stubs.o ABSOLUTE
    _printf_int_dec                          0x00000000   Number         0  stubs.o ABSOLUTE
    _printf_l                                0x00000000   Number         0  stubs.o ABSOLUTE
    _printf_lc                               0x00000000   Number         0  stubs.o ABSOLUTE
    _printf_ll                               0x00000000   Number         0  stubs.o ABSOLUTE
    _printf_lld                              0x00000000   Number         0  stubs.o ABSOLUTE
    _printf_lli                              0x00000000   Number         0  stubs.o ABSOLUTE
    _printf_llo                              0x00000000   Number         0  stubs.o ABSOLUTE
    _printf_llu                              0x00000000   Number         0  stubs.o ABSOLUTE
    _printf_llx                              0x00000000   Number         0  stubs.o ABSOLUTE
    _printf_longlong_dec                     0x00000000   Number         0  stubs.o ABSOLUTE
    _printf_longlong_hex                     0x00000000   Number         0  stubs.o ABSOLUTE
    _printf_longlong_oct                     0x00000000   Number         0  stubs.o ABSOLUTE
    _printf_ls                               0x00000000   Number         0  stubs.o ABSOLUTE
    _printf_mbtowc                           0x00000000   Number         0  stubs.o ABSOLUTE
    _printf_n                                0x00000000   Number         0  stubs.o ABSOLUTE
    _printf_o                                0x00000000   Number         0  stubs.o ABSOLUTE
    _printf_p                                0x00000000   Number         0  stubs.o ABSOLUTE
    _printf_percent                          0x00000000   Number         0  stubs.o ABSOLUTE
    _printf_pre_padding                      0x00000000   Number         0  stubs.o ABSOLUTE
    _printf_return_value                     0x00000000   Number         0  stubs.o ABSOLUTE
    _printf_s                                0x00000000   Number         0  stubs.o ABSOLUTE
    _printf_sizespec                         0x00000000   Number         0  stubs.o ABSOLUTE
    _printf_str                              0x00000000   Number         0  stubs.o ABSOLUTE
    _printf_truncate_signed                  0x00000000   Number         0  stubs.o ABSOLUTE
    _printf_truncate_unsigned                0x00000000   Number         0  stubs.o ABSOLUTE
    _printf_u                                0x00000000   Number         0  stubs.o ABSOLUTE
    _printf_wc                               0x00000000   Number         0  stubs.o ABSOLUTE
    _printf_wctomb                           0x00000000   Number         0  stubs.o ABSOLUTE
    _printf_widthprec                        0x00000000   Number         0  stubs.o ABSOLUTE
    _printf_x                                0x00000000   Number         0  stubs.o ABSOLUTE
    __cpp_initialize__aeabi_                  - Undefined Weak Reference
    __cxa_finalize                            - Undefined Weak Reference
    __decompress                              - Undefined Weak Reference
    _clock_init                               - Undefined Weak Reference
    _microlib_exit                            - Undefined Weak Reference
    __Vectors_Size                           0x000000ec   Number         0  startup_stm32f103xb.o ABSOLUTE
    __Vectors                                0x08000000   Data           4  startup_stm32f103xb.o(RESET)
    __Vectors_End                            0x080000ec   Data           0  startup_stm32f103xb.o(RESET)
    __main                                   0x080000ed   Thumb Code     0  entry.o(.ARM.Collect$$$$00000000)
    _main_stk                                0x080000ed   Thumb Code     0  entry2.o(.ARM.Collect$$$$00000001)
    _main_scatterload                        0x080000f1   Thumb Code     0  entry5.o(.ARM.Collect$$$$00000004)
    __main_after_scatterload                 0x080000f5   Thumb Code     0  entry5.o(.ARM.Collect$$$$00000004)
    _main_clock                              0x080000f5   Thumb Code     0  entry7b.o(.ARM.Collect$$$$00000008)
    _main_cpp_init                           0x080000f5   Thumb Code     0  entry8b.o(.ARM.Collect$$$$0000000A)
    _main_init                               0x080000f5   Thumb Code     0  entry9a.o(.ARM.Collect$$$$0000000B)
    __rt_final_cpp                           0x080000fd   Thumb Code     0  entry10a.o(.ARM.Collect$$$$0000000D)
    __rt_final_exit                          0x080000fd   Thumb Code     0  entry11a.o(.ARM.Collect$$$$0000000F)
    Reset_Handler                            0x08000101   Thumb Code     8  startup_stm32f103xb.o(.text)
    ADC1_2_IRQHandler                        0x0800011b   Thumb Code     0  startup_stm32f103xb.o(.text)
    CAN1_RX1_IRQHandler                      0x0800011b   Thumb Code     0  startup_stm32f103xb.o(.text)
    CAN1_SCE_IRQHandler                      0x0800011b   Thumb Code     0  startup_stm32f103xb.o(.text)
    DMA1_Channel1_IRQHandler                 0x0800011b   Thumb Code     0  startup_stm32f103xb.o(.text)
    DMA1_Channel2_IRQHandler                 0x0800011b   Thumb Code     0  startup_stm32f103xb.o(.text)
    DMA1_Channel3_IRQHandler                 0x0800011b   Thumb Code     0  startup_stm32f103xb.o(.text)
    DMA1_Channel4_IRQHandler                 0x0800011b   Thumb Code     0  startup_stm32f103xb.o(.text)
    DMA1_Channel5_IRQHandler                 0x0800011b   Thumb Code     0  startup_stm32f103xb.o(.text)
    DMA1_Channel6_IRQHandler                 0x0800011b   Thumb Code     0  startup_stm32f103xb.o(.text)
    DMA1_Channel7_IRQHandler                 0x0800011b   Thumb Code     0  startup_stm32f103xb.o(.text)
    EXTI0_IRQHandler                         0x0800011b   Thumb Code     0  startup_stm32f103xb.o(.text)
    EXTI15_10_IRQHandler                     0x0800011b   Thumb Code     0  startup_stm32f103xb.o(.text)
    EXTI1_IRQHandler                         0x0800011b   Thumb Code     0  startup_stm32f103xb.o(.text)
    EXTI2_IRQHandler                         0x0800011b   Thumb Code     0  startup_stm32f103xb.o(.text)
    EXTI3_IRQHandler                         0x0800011b   Thumb Code     0  startup_stm32f103xb.o(.text)
    EXTI4_IRQHandler                         0x0800011b   Thumb Code     0  startup_stm32f103xb.o(.text)
    EXTI9_5_IRQHandler                       0x0800011b   Thumb Code     0  startup_stm32f103xb.o(.text)
    FLASH_IRQHandler                         0x0800011b   Thumb Code     0  startup_stm32f103xb.o(.text)
    I2C2_ER_IRQHandler                       0x0800011b   Thumb Code     0  startup_stm32f103xb.o(.text)
    I2C2_EV_IRQHandler                       0x0800011b   Thumb Code     0  startup_stm32f103xb.o(.text)
    PVD_IRQHandler                           0x0800011b   Thumb Code     0  startup_stm32f103xb.o(.text)
    RCC_IRQHandler                           0x0800011b   Thumb Code     0  startup_stm32f103xb.o(.text)
    RTC_Alarm_IRQHandler                     0x0800011b   Thumb Code     0  startup_stm32f103xb.o(.text)
    RTC_IRQHandler                           0x0800011b   Thumb Code     0  startup_stm32f103xb.o(.text)
    SPI1_IRQHandler                          0x0800011b   Thumb Code     0  startup_stm32f103xb.o(.text)
    SPI2_IRQHandler                          0x0800011b   Thumb Code     0  startup_stm32f103xb.o(.text)
    TAMPER_IRQHandler                        0x0800011b   Thumb Code     0  startup_stm32f103xb.o(.text)
    TIM1_BRK_IRQHandler                      0x0800011b   Thumb Code     0  startup_stm32f103xb.o(.text)
    TIM1_TRG_COM_IRQHandler                  0x0800011b   Thumb Code     0  startup_stm32f103xb.o(.text)
    TIM1_UP_IRQHandler                       0x0800011b   Thumb Code     0  startup_stm32f103xb.o(.text)
    USART2_IRQHandler                        0x0800011b   Thumb Code     0  startup_stm32f103xb.o(.text)
    USART3_IRQHandler                        0x0800011b   Thumb Code     0  startup_stm32f103xb.o(.text)
    USBWakeUp_IRQHandler                     0x0800011b   Thumb Code     0  startup_stm32f103xb.o(.text)
    USB_HP_CAN1_TX_IRQHandler                0x0800011b   Thumb Code     0  startup_stm32f103xb.o(.text)
    USB_LP_CAN1_RX0_IRQHandler               0x0800011b   Thumb Code     0  startup_stm32f103xb.o(.text)
    WWDG_IRQHandler                          0x0800011b   Thumb Code     0  startup_stm32f103xb.o(.text)
    __aeabi_llsr                             0x08000125   Thumb Code    32  llushr.o(.text)
    _ll_ushift_r                             0x08000125   Thumb Code     0  llushr.o(.text)
    strlen                                   0x08000145   Thumb Code    14  strlen.o(.text)
    __aeabi_fadd                             0x08000153   Thumb Code   164  fadd.o(.text)
    __aeabi_fsub                             0x080001f7   Thumb Code     6  fadd.o(.text)
    __aeabi_frsub                            0x080001fd   Thumb Code     6  fadd.o(.text)
    __aeabi_fmul                             0x08000203   Thumb Code   100  fmul.o(.text)
    __aeabi_fdiv                             0x08000267   Thumb Code   124  fdiv.o(.text)
    __aeabi_dadd                             0x080002e3   Thumb Code   322  dadd.o(.text)
    __aeabi_dsub                             0x08000425   Thumb Code     6  dadd.o(.text)
    __aeabi_drsub                            0x0800042b   Thumb Code     6  dadd.o(.text)
    __aeabi_dmul                             0x08000431   Thumb Code   228  dmul.o(.text)
    __aeabi_ddiv                             0x08000515   Thumb Code   222  ddiv.o(.text)
    __ARM_scalbn                             0x080005f3   Thumb Code    46  dscalb.o(.text)
    scalbn                                   0x080005f3   Thumb Code     0  dscalb.o(.text)
    __aeabi_i2d                              0x08000621   Thumb Code    34  dflti.o(.text)
    __aeabi_f2iz                             0x08000643   Thumb Code    50  ffixi.o(.text)
    __aeabi_f2d                              0x08000675   Thumb Code    38  f2d.o(.text)
    __aeabi_d2f                              0x0800069b   Thumb Code    56  d2f.o(.text)
    __aeabi_cfcmpeq                          0x080006d5   Thumb Code     0  cfcmple.o(.text)
    __aeabi_cfcmple                          0x080006d5   Thumb Code    20  cfcmple.o(.text)
    __aeabi_uidiv                            0x080006e9   Thumb Code     0  uidiv.o(.text)
    __aeabi_uidivmod                         0x080006e9   Thumb Code    44  uidiv.o(.text)
    __aeabi_llsl                             0x08000715   Thumb Code    30  llshl.o(.text)
    _ll_shift_l                              0x08000715   Thumb Code     0  llshl.o(.text)
    __aeabi_lasr                             0x08000733   Thumb Code    36  llsshr.o(.text)
    _ll_sshift_r                             0x08000733   Thumb Code     0  llsshr.o(.text)
    __I$use$fp                               0x08000757   Thumb Code     0  iusefp.o(.text)
    _float_round                             0x08000757   Thumb Code    18  fepilogue.o(.text)
    _float_epilogue                          0x08000769   Thumb Code    92  fepilogue.o(.text)
    _double_round                            0x080007c5   Thumb Code    30  depilogue.o(.text)
    _double_epilogue                         0x080007e3   Thumb Code   156  depilogue.o(.text)
    __scatterload                            0x08000881   Thumb Code    28  init.o(.text)
    __scatterload_rt2                        0x08000881   Thumb Code     0  init.o(.text)
    _dsqrt                                   0x080008a5   Thumb Code   162  dsqrt.o(.text)
    BusFault_Handler                         0x08000947   Thumb Code     2  stm32f1xx_it.o(i.BusFault_Handler)
    Change_Robot_Position                    0x08000949   Thumb Code   230  robot_motion_control.o(i.Change_Robot_Position)
    Check_If_Balancing_Mode_Activated        0x08000a55   Thumb Code    28  pid_motor_control.o(i.Check_If_Balancing_Mode_Activated)
    Check_If_Robot_Enters_Vertical_Position  0x08000a75   Thumb Code    46  robot_motion_control.o(i.Check_If_Robot_Enters_Vertical_Position)
    Check_If_Robot_Tips_Over                 0x08000ab5   Thumb Code    50  robot_motion_control.o(i.Check_If_Robot_Tips_Over)
    DebugMon_Handler                         0x08000b0d   Thumb Code     2  stm32f1xx_it.o(i.DebugMon_Handler)
    HAL_DMA_Abort_IT                         0x08000b11   Thumb Code   148  stm32f1xx_hal_dma.o(i.HAL_DMA_Abort_IT)
    HAL_Delay                                0x08000ba9   Thumb Code    28  stm32f1xx_hal.o(i.HAL_Delay)
    HAL_GPIO_Init                            0x08000bc5   Thumb Code   408  stm32f1xx_hal_gpio.o(i.HAL_GPIO_Init)
    HAL_GPIO_ReadPin                         0x08000d81   Thumb Code    10  stm32f1xx_hal_gpio.o(i.HAL_GPIO_ReadPin)
    HAL_GPIO_TogglePin                       0x08000d8b   Thumb Code     8  stm32f1xx_hal_gpio.o(i.HAL_GPIO_TogglePin)
    HAL_GPIO_WritePin                        0x08000d93   Thumb Code    10  stm32f1xx_hal_gpio.o(i.HAL_GPIO_WritePin)
    HAL_GetTick                              0x08000d9d   Thumb Code     6  stm32f1xx_hal.o(i.HAL_GetTick)
    HAL_I2C_AbortCpltCallback                0x08000da9   Thumb Code     2  stm32f1xx_hal_i2c.o(i.HAL_I2C_AbortCpltCallback)
    HAL_I2C_AddrCallback                     0x08000dab   Thumb Code     2  stm32f1xx_hal_i2c.o(i.HAL_I2C_AddrCallback)
    HAL_I2C_ER_IRQHandler                    0x08000dad   Thumb Code   202  stm32f1xx_hal_i2c.o(i.HAL_I2C_ER_IRQHandler)
    HAL_I2C_EV_IRQHandler                    0x08000e7d   Thumb Code   486  stm32f1xx_hal_i2c.o(i.HAL_I2C_EV_IRQHandler)
    HAL_I2C_ErrorCallback                    0x0800106d   Thumb Code     2  stm32f1xx_hal_i2c.o(i.HAL_I2C_ErrorCallback)
    HAL_I2C_Init                             0x08001071   Thumb Code   254  stm32f1xx_hal_i2c.o(i.HAL_I2C_Init)
    HAL_I2C_ListenCpltCallback               0x08001179   Thumb Code     2  stm32f1xx_hal_i2c.o(i.HAL_I2C_ListenCpltCallback)
    HAL_I2C_MasterRxCpltCallback             0x0800117b   Thumb Code     2  stm32f1xx_hal_i2c.o(i.HAL_I2C_MasterRxCpltCallback)
    HAL_I2C_MasterTxCpltCallback             0x0800117d   Thumb Code     2  stm32f1xx_hal_i2c.o(i.HAL_I2C_MasterTxCpltCallback)
    HAL_I2C_Master_Receive                   0x08001181   Thumb Code   516  stm32f1xx_hal_i2c.o(i.HAL_I2C_Master_Receive)
    HAL_I2C_Master_Transmit                  0x08001391   Thumb Code   304  stm32f1xx_hal_i2c.o(i.HAL_I2C_Master_Transmit)
    HAL_I2C_MemRxCpltCallback                0x080014c9   Thumb Code     2  stm32f1xx_hal_i2c.o(i.HAL_I2C_MemRxCpltCallback)
    HAL_I2C_MemTxCpltCallback                0x080014cb   Thumb Code     2  stm32f1xx_hal_i2c.o(i.HAL_I2C_MemTxCpltCallback)
    HAL_I2C_MspInit                          0x080014cd   Thumb Code   126  stm32f1xx_hal_msp.o(i.HAL_I2C_MspInit)
    HAL_I2C_SlaveRxCpltCallback              0x0800155d   Thumb Code     2  stm32f1xx_hal_i2c.o(i.HAL_I2C_SlaveRxCpltCallback)
    HAL_I2C_SlaveTxCpltCallback              0x0800155f   Thumb Code     2  stm32f1xx_hal_i2c.o(i.HAL_I2C_SlaveTxCpltCallback)
    HAL_IncTick                              0x08001561   Thumb Code    10  stm32f1xx_hal.o(i.HAL_IncTick)
    HAL_Init                                 0x08001571   Thumb Code    32  stm32f1xx_hal.o(i.HAL_Init)
    HAL_InitTick                             0x08001595   Thumb Code    34  stm32f1xx_hal.o(i.HAL_InitTick)
    HAL_MspInit                              0x080015bd   Thumb Code   122  stm32f1xx_hal_msp.o(i.HAL_MspInit)
    HAL_NVIC_EnableIRQ                       0x08001641   Thumb Code    22  stm32f1xx_hal_cortex.o(i.HAL_NVIC_EnableIRQ)
    HAL_NVIC_SetPriority                     0x08001659   Thumb Code    60  stm32f1xx_hal_cortex.o(i.HAL_NVIC_SetPriority)
    HAL_NVIC_SetPriorityGrouping             0x08001699   Thumb Code    26  stm32f1xx_hal_cortex.o(i.HAL_NVIC_SetPriorityGrouping)
    HAL_RCC_ClockConfig                      0x080016bd   Thumb Code   322  stm32f1xx_hal_rcc.o(i.HAL_RCC_ClockConfig)
    HAL_RCC_GetHCLKFreq                      0x08001811   Thumb Code     6  stm32f1xx_hal_rcc.o(i.HAL_RCC_GetHCLKFreq)
    HAL_RCC_GetPCLK1Freq                     0x0800181d   Thumb Code    20  stm32f1xx_hal_rcc.o(i.HAL_RCC_GetPCLK1Freq)
    HAL_RCC_GetPCLK2Freq                     0x0800183d   Thumb Code    20  stm32f1xx_hal_rcc.o(i.HAL_RCC_GetPCLK2Freq)
    HAL_RCC_GetSysClockFreq                  0x0800185d   Thumb Code    74  stm32f1xx_hal_rcc.o(i.HAL_RCC_GetSysClockFreq)
    HAL_RCC_OscConfig                        0x080018c9   Thumb Code   750  stm32f1xx_hal_rcc.o(i.HAL_RCC_OscConfig)
    HAL_SPI_Init                             0x08001bcd   Thumb Code   130  stm32f1xx_hal_spi_ex.o(i.HAL_SPI_Init)
    HAL_SPI_MspInit                          0x08001c51   Thumb Code    74  stm32f1xx_hal_msp.o(i.HAL_SPI_MspInit)
    HAL_SPI_Receive                          0x08001ca9   Thumb Code   336  stm32f1xx_hal_spi.o(i.HAL_SPI_Receive)
    HAL_SPI_Transmit                         0x08001df9   Thumb Code   360  stm32f1xx_hal_spi.o(i.HAL_SPI_Transmit)
    HAL_SPI_TransmitReceive                  0x08001f61   Thumb Code   472  stm32f1xx_hal_spi.o(i.HAL_SPI_TransmitReceive)
    HAL_SYSTICK_CLKSourceConfig              0x08002139   Thumb Code    24  stm32f1xx_hal_cortex.o(i.HAL_SYSTICK_CLKSourceConfig)
    HAL_SYSTICK_Callback                     0x08002151   Thumb Code     2  stm32f1xx_hal_cortex.o(i.HAL_SYSTICK_Callback)
    HAL_SYSTICK_Config                       0x08002153   Thumb Code    40  stm32f1xx_hal_cortex.o(i.HAL_SYSTICK_Config)
    HAL_SYSTICK_IRQHandler                   0x0800217b   Thumb Code     8  stm32f1xx_hal_cortex.o(i.HAL_SYSTICK_IRQHandler)
    HAL_TIMEx_BreakCallback                  0x08002183   Thumb Code     2  stm32f1xx_hal_tim_ex.o(i.HAL_TIMEx_BreakCallback)
    HAL_TIMEx_CommutationCallback            0x08002185   Thumb Code     2  stm32f1xx_hal_tim_ex.o(i.HAL_TIMEx_CommutationCallback)
    HAL_TIMEx_MasterConfigSynchronization    0x08002187   Thumb Code    80  stm32f1xx_hal_tim_ex.o(i.HAL_TIMEx_MasterConfigSynchronization)
    HAL_TIM_Base_Init                        0x080021d7   Thumb Code    54  stm32f1xx_hal_tim.o(i.HAL_TIM_Base_Init)
    HAL_TIM_Base_MspInit                     0x0800220d   Thumb Code   208  stm32f1xx_hal_msp.o(i.HAL_TIM_Base_MspInit)
    HAL_TIM_Base_Start_IT                    0x080022f9   Thumb Code    24  stm32f1xx_hal_tim.o(i.HAL_TIM_Base_Start_IT)
    HAL_TIM_ConfigClockSource                0x08002311   Thumb Code   242  stm32f1xx_hal_tim.o(i.HAL_TIM_ConfigClockSource)
    HAL_TIM_IC_CaptureCallback               0x08002405   Thumb Code   252  main.o(i.HAL_TIM_IC_CaptureCallback)
    HAL_TIM_IC_ConfigChannel                 0x08002519   Thumb Code   282  stm32f1xx_hal_tim.o(i.HAL_TIM_IC_ConfigChannel)
    HAL_TIM_IC_Init                          0x08002633   Thumb Code    54  stm32f1xx_hal_tim.o(i.HAL_TIM_IC_Init)
    HAL_TIM_IC_MspInit                       0x08002669   Thumb Code     2  stm32f1xx_hal_tim.o(i.HAL_TIM_IC_MspInit)
    HAL_TIM_IC_Start_IT                      0x0800266b   Thumb Code    76  stm32f1xx_hal_tim.o(i.HAL_TIM_IC_Start_IT)
    HAL_TIM_IRQHandler                       0x080026b7   Thumb Code   358  stm32f1xx_hal_tim.o(i.HAL_TIM_IRQHandler)
    HAL_TIM_MspPostInit                      0x0800281d   Thumb Code    30  stm32f1xx_hal_msp.o(i.HAL_TIM_MspPostInit)
    HAL_TIM_OC_DelayElapsedCallback          0x08002841   Thumb Code     2  stm32f1xx_hal_tim.o(i.HAL_TIM_OC_DelayElapsedCallback)
    HAL_TIM_PWM_ConfigChannel                0x08002843   Thumb Code   208  stm32f1xx_hal_tim.o(i.HAL_TIM_PWM_ConfigChannel)
    HAL_TIM_PWM_Init                         0x08002913   Thumb Code    54  stm32f1xx_hal_tim.o(i.HAL_TIM_PWM_Init)
    HAL_TIM_PWM_MspInit                      0x08002949   Thumb Code     2  stm32f1xx_hal_tim.o(i.HAL_TIM_PWM_MspInit)
    HAL_TIM_PWM_PulseFinishedCallback        0x0800294b   Thumb Code     2  stm32f1xx_hal_tim.o(i.HAL_TIM_PWM_PulseFinishedCallback)
    HAL_TIM_PWM_Start                        0x0800294d   Thumb Code    42  stm32f1xx_hal_tim.o(i.HAL_TIM_PWM_Start)
    HAL_TIM_PeriodElapsedCallback            0x0800297d   Thumb Code   190  main.o(i.HAL_TIM_PeriodElapsedCallback)
    HAL_TIM_TriggerCallback                  0x08002a4d   Thumb Code     2  stm32f1xx_hal_tim.o(i.HAL_TIM_TriggerCallback)
    HAL_UART_ErrorCallback                   0x08002a4f   Thumb Code     2  stm32f1xx_hal_uart.o(i.HAL_UART_ErrorCallback)
    HAL_UART_IRQHandler                      0x08002a51   Thumb Code   266  stm32f1xx_hal_uart.o(i.HAL_UART_IRQHandler)
    HAL_UART_Init                            0x08002b61   Thumb Code    98  stm32f1xx_hal_uart.o(i.HAL_UART_Init)
    HAL_UART_MspInit                         0x08002bc5   Thumb Code    92  stm32f1xx_hal_msp.o(i.HAL_UART_MspInit)
    HAL_UART_Receive_IT                      0x08002c2d   Thumb Code    82  stm32f1xx_hal_uart.o(i.HAL_UART_Receive_IT)
    HAL_UART_RxCpltCallback                  0x08002c81   Thumb Code    96  main.o(i.HAL_UART_RxCpltCallback)
    HAL_UART_Transmit                        0x08002ced   Thumb Code   186  stm32f1xx_hal_uart.o(i.HAL_UART_Transmit)
    HAL_UART_TxCpltCallback                  0x08002da7   Thumb Code     2  stm32f1xx_hal_uart.o(i.HAL_UART_TxCpltCallback)
    HardFault_Handler                        0x08002da9   Thumb Code     2  stm32f1xx_it.o(i.HardFault_Handler)
    I2C1_ER_IRQHandler                       0x08002dad   Thumb Code     6  stm32f1xx_it.o(i.I2C1_ER_IRQHandler)
    I2C1_EV_IRQHandler                       0x08002db9   Thumb Code     6  stm32f1xx_it.o(i.I2C1_EV_IRQHandler)
    MPU6050_calculate_angle_gyro             0x0800388d   Thumb Code   240  mpu6050.o(i.MPU6050_calculate_angle_gyro)
    MPU6050_config                           0x080039b1   Thumb Code    94  mpu6050.o(i.MPU6050_config)
    MPU6050_detect_initial_angle             0x08003a19   Thumb Code   114  mpu6050.o(i.MPU6050_detect_initial_angle)
    MPU6050_pitch_calibration                0x08003aa9   Thumb Code   122  mpu6050.o(i.MPU6050_pitch_calibration)
    MemManage_Handler                        0x08003e71   Thumb Code     2  stm32f1xx_it.o(i.MemManage_Handler)
    NMI_Handler                              0x08003e73   Thumb Code     2  stm32f1xx_it.o(i.NMI_Handler)
    NRF24_FlushRx                            0x08003e75   Thumb Code    44  nrf24l01.o(i.NRF24_FlushRx)
    NRF24_init                               0x08003ea9   Thumb Code   130  nrf24l01.o(i.NRF24_init)
    NRF24_read_reg                           0x08003f39   Thumb Code    64  nrf24l01.o(i.NRF24_read_reg)
    NRF24_write_reg                          0x08003f81   Thumb Code    64  nrf24l01.o(i.NRF24_write_reg)
    PendSV_Handler                           0x08003fe9   Thumb Code     2  stm32f1xx_it.o(i.PendSV_Handler)
    Raise_Or_Lower_Down_Robot                0x08003fed   Thumb Code   102  robot_motion_control.o(i.Raise_Or_Lower_Down_Robot)
    Rotate_Servo_Arm_To_Vertical_Position    0x08004071   Thumb Code    48  robot_motion_control.o(i.Rotate_Servo_Arm_To_Vertical_Position)
    SVC_Handler                              0x08004163   Thumb Code     2  stm32f1xx_it.o(i.SVC_Handler)
    SysTick_Handler                          0x08004165   Thumb Code    22  main.o(i.SysTick_Handler)
    SystemClock_Config                       0x08004181   Thumb Code   104  main.o(i.SystemClock_Config)
    SystemInit                               0x080041e9   Thumb Code    56  system_stm32f1xx.o(i.SystemInit)
    TIM1_CC_IRQHandler                       0x08004231   Thumb Code     6  stm32f1xx_it.o(i.TIM1_CC_IRQHandler)
    TIM2_IRQHandler                          0x0800423d   Thumb Code     6  stm32f1xx_it.o(i.TIM2_IRQHandler)
    TIM3_IRQHandler                          0x08004249   Thumb Code     6  stm32f1xx_it.o(i.TIM3_IRQHandler)
    TIM4_IRQHandler                          0x08004255   Thumb Code     6  stm32f1xx_it.o(i.TIM4_IRQHandler)
    TIM_Base_SetConfig                       0x08004261   Thumb Code    94  stm32f1xx_hal_tim.o(i.TIM_Base_SetConfig)
    TIM_CCxChannelCmd                        0x080042cd   Thumb Code    22  stm32f1xx_hal_tim.o(i.TIM_CCxChannelCmd)
    TIM_OC2_SetConfig                        0x08004359   Thumb Code    84  stm32f1xx_hal_tim.o(i.TIM_OC2_SetConfig)
    TIM_TI1_SetConfig                        0x08004471   Thumb Code    76  stm32f1xx_hal_tim.o(i.TIM_TI1_SetConfig)
    USART1_IRQHandler                        0x0800481d   Thumb Code     6  stm32f1xx_it.o(i.USART1_IRQHandler)
    UsageFault_Handler                       0x08004829   Thumb Code     2  stm32f1xx_it.o(i.UsageFault_Handler)
    __0sprintf$1                             0x0800482d   Thumb Code    34  printf1.o(i.__0sprintf$1)
    __1sprintf$1                             0x0800482d   Thumb Code     0  printf1.o(i.__0sprintf$1)
    __2sprintf                               0x0800482d   Thumb Code     0  printf1.o(i.__0sprintf$1)
    __ARM_fpclassify                         0x08004855   Thumb Code    40  fpclassify.o(i.__ARM_fpclassify)
    __kernel_poly                            0x0800487d   Thumb Code   170  poly.o(i.__kernel_poly)
    __mathlib_dbl_infnan                     0x08004927   Thumb Code     6  dunder.o(i.__mathlib_dbl_infnan)
    __mathlib_dbl_invalid                    0x0800492d   Thumb Code    12  dunder.o(i.__mathlib_dbl_invalid)
    __mathlib_dbl_underflow                  0x08004939   Thumb Code    10  dunder.o(i.__mathlib_dbl_underflow)
    __scatterload_copy                       0x08004949   Thumb Code    14  handlers.o(i.__scatterload_copy)
    __scatterload_null                       0x08004957   Thumb Code     2  handlers.o(i.__scatterload_null)
    __scatterload_zeroinit                   0x08004959   Thumb Code    14  handlers.o(i.__scatterload_zeroinit)
    __set_errno                              0x08004969   Thumb Code     6  errno.o(i.__set_errno)
    asin                                     0x08004ad5   Thumb Code   572  asin.o(i.asin)
    check_NRF24L01_payload                   0x08004d45   Thumb Code   114  nrf24l01.o(i.check_NRF24L01_payload)
    main                                     0x08004dc9   Thumb Code   266  main.o(i.main)
    micro                                    0x08004f1d   Thumb Code    36  main.o(i.micro)
    motor_movement_control                   0x08004f45   Thumb Code   348  pid_motor_control.o(i.motor_movement_control)
    motor_pulse_calculations                 0x080050d5   Thumb Code   240  pid_motor_control.o(i.motor_pulse_calculations)
    pid_output_calculations                  0x080051ed   Thumb Code   214  pid_motor_control.o(i.pid_output_calculations)
    sqrt                                     0x080052f9   Thumb Code    76  sqrt.o(i.sqrt)
    AHBPrescTable                            0x08005344   Data          16  system_stm32f1xx.o(.constdata)
    APBPrescTable                            0x08005354   Data           8  system_stm32f1xx.o(.constdata)
    Region$$Table$$Base                      0x080053b0   Number         0  anon$$obj.o(Region$$Table)
    Region$$Table$$Limit                     0x080053d0   Number         0  anon$$obj.o(Region$$Table)
    uwTick                                   0x20000000   Data           4  stm32f1xx_hal.o(.data)
    SystemCoreClock                          0x20000004   Data           4  system_stm32f1xx.o(.data)
    balancing                                0x20000008   Data           1  main.o(.data)
    standing                                 0x20000009   Data           1  main.o(.data)
    sleeping                                 0x2000000a   Data           1  main.o(.data)
    received_com_byte                        0x2000000b   Data           1  main.o(.data)
    UART_rx                                  0x2000000c   Data           1  main.o(.data)
    throttle_left_motor                      0x2000000e   Data           2  main.o(.data)
    throttle_counter_left_motor              0x20000010   Data           2  main.o(.data)
    throttle_left_motor_memory               0x20000012   Data           2  main.o(.data)
    throttle_right_motor                     0x20000014   Data           2  main.o(.data)
    throttle_counter_right_motor             0x20000016   Data           2  main.o(.data)
    throttle_right_motor_memory              0x20000018   Data           2  main.o(.data)
    micros                                   0x2000001c   Data           4  main.o(.data)
    loop_timer                               0x20000020   Data           4  main.o(.data)
    millis                                   0x20000024   Data           4  main.o(.data)
    rising_tick_1                            0x20000028   Data           4  main.o(.data)
    rising_tick_3                            0x2000002c   Data           4  main.o(.data)
    echo1_pulse_width                        0x20000030   Data           4  main.o(.data)
    echo3_pulse_width                        0x20000034   Data           4  main.o(.data)
    received_byte                            0x20000038   Data           1  main.o(.data)
    pid_i_mem                                0x2000003c   Data           4  main.o(.data)
    pid_output                               0x20000040   Data           4  main.o(.data)
    self_balance_pid_setpoint                0x20000044   Data           4  main.o(.data)
    angle_gyro                               0x20000048   Data           4  main.o(.data)
    dataWatch8                               0x2000004c   Data           1  nrf24l01.o(.data)
    spiData                                  0x2000004d   Data           5  nrf24l01.o(.data)
    acc_calibration_value                    0x20000054   Data           2  mpu6050.o(.data)
    gyro_pitch_calibration_value             0x20000056   Data           2  mpu6050.o(.data)
    gyro_pitch_data_raw                      0x20000058   Data           2  mpu6050.o(.data)
    accelerometer_data_raw                   0x2000005a   Data           2  mpu6050.o(.data)
    angle_acc                                0x2000005c   Data           4  mpu6050.o(.data)
    buffer                                   0x20000060   Data           6  mpu6050.o(.data)
    left_motor                               0x20000068   Data           2  pid_motor_control.o(.data)
    right_motor                              0x2000006a   Data           2  pid_motor_control.o(.data)
    pid_p_gain                               0x2000006c   Data           4  pid_motor_control.o(.data)
    pid_i_gain                               0x20000070   Data           4  pid_motor_control.o(.data)
    pid_d_gain                               0x20000074   Data           4  pid_motor_control.o(.data)
    turning_speed                            0x20000078   Data           4  pid_motor_control.o(.data)
    max_target_speed                         0x2000007c   Data           4  pid_motor_control.o(.data)
    pid_error_temp                           0x20000080   Data           4  pid_motor_control.o(.data)
    pid_setpoint                             0x20000084   Data           4  pid_motor_control.o(.data)
    pid_last_d_error                         0x20000088   Data           4  pid_motor_control.o(.data)
    pid_output_left                          0x2000008c   Data           4  pid_motor_control.o(.data)
    pid_output_right                         0x20000090   Data           4  pid_motor_control.o(.data)
    servo                                    0x20000094   Data           1  robot_motion_control.o(.data)
    arm_rising_time                          0x20000095   Data           1  robot_motion_control.o(.data)
    servo_delay                              0x20000096   Data           1  robot_motion_control.o(.data)
    servo_pos                                0x20000097   Data           1  robot_motion_control.o(.data)
    hi2c1                                    0x2000009c   Data          84  main.o(.bss)
    hi2c2                                    0x200000f0   Data          84  main.o(.bss)
    hspi1                                    0x20000144   Data          88  main.o(.bss)
    htim1                                    0x2000019c   Data          64  main.o(.bss)
    htim2                                    0x200001dc   Data          64  main.o(.bss)
    htim3                                    0x2000021c   Data          64  main.o(.bss)
    htim4                                    0x2000025c   Data          64  main.o(.bss)
    huart1                                   0x2000029c   Data          64  main.o(.bss)
    webpage                                  0x200002dc   Data         100  main.o(.bss)
    __initial_sp                             0x20000740   Data           0  startup_stm32f103xb.o(STACK)



==============================================================================

Memory Map of the image

  Image Entry point : 0x080000ed

  Load Region LR_IROM1 (Base: 0x08000000, Size: 0x0000546c, Max: 0x00010000, ABSOLUTE)

    Execution Region ER_IROM1 (Base: 0x08000000, Size: 0x000053d0, Max: 0x00010000, ABSOLUTE)

    Base Addr    Size         Type   Attr      Idx    E Section Name        Object

    0x08000000   0x000000ec   Data   RO         2934    RESET               startup_stm32f103xb.o
    0x080000ec   0x00000000   Code   RO         3587  * .ARM.Collect$$$$00000000  mc_w.l(entry.o)
    0x080000ec   0x00000004   Code   RO         3911    .ARM.Collect$$$$00000001  mc_w.l(entry2.o)
    0x080000f0   0x00000004   Code   RO         3914    .ARM.Collect$$$$00000004  mc_w.l(entry5.o)
    0x080000f4   0x00000000   Code   RO         3916    .ARM.Collect$$$$00000008  mc_w.l(entry7b.o)
    0x080000f4   0x00000000   Code   RO         3918    .ARM.Collect$$$$0000000A  mc_w.l(entry8b.o)
    0x080000f4   0x00000008   Code   RO         3919    .ARM.Collect$$$$0000000B  mc_w.l(entry9a.o)
    0x080000fc   0x00000000   Code   RO         3921    .ARM.Collect$$$$0000000D  mc_w.l(entry10a.o)
    0x080000fc   0x00000000   Code   RO         3923    .ARM.Collect$$$$0000000F  mc_w.l(entry11a.o)
    0x080000fc   0x00000004   Code   RO         3912    .ARM.Collect$$$$00002712  mc_w.l(entry2.o)
    0x08000100   0x00000024   Code   RO         2935    .text               startup_stm32f103xb.o
    0x08000124   0x00000020   Code   RO         3590    .text               mc_w.l(llushr.o)
    0x08000144   0x0000000e   Code   RO         3592    .text               mc_w.l(strlen.o)
    0x08000152   0x000000b0   Code   RO         3855    .text               mf_w.l(fadd.o)
    0x08000202   0x00000064   Code   RO         3857    .text               mf_w.l(fmul.o)
    0x08000266   0x0000007c   Code   RO         3859    .text               mf_w.l(fdiv.o)
    0x080002e2   0x0000014e   Code   RO         3863    .text               mf_w.l(dadd.o)
    0x08000430   0x000000e4   Code   RO         3865    .text               mf_w.l(dmul.o)
    0x08000514   0x000000de   Code   RO         3867    .text               mf_w.l(ddiv.o)
    0x080005f2   0x0000002e   Code   RO         3869    .text               mf_w.l(dscalb.o)
    0x08000620   0x00000022   Code   RO         3873    .text               mf_w.l(dflti.o)
    0x08000642   0x00000032   Code   RO         3875    .text               mf_w.l(ffixi.o)
    0x08000674   0x00000026   Code   RO         3877    .text               mf_w.l(f2d.o)
    0x0800069a   0x00000038   Code   RO         3879    .text               mf_w.l(d2f.o)
    0x080006d2   0x00000002   PAD
    0x080006d4   0x00000014   Code   RO         3881    .text               mf_w.l(cfcmple.o)
    0x080006e8   0x0000002c   Code   RO         3928    .text               mc_w.l(uidiv.o)
    0x08000714   0x0000001e   Code   RO         3932    .text               mc_w.l(llshl.o)
    0x08000732   0x00000024   Code   RO         3934    .text               mc_w.l(llsshr.o)
    0x08000756   0x00000000   Code   RO         3943    .text               mc_w.l(iusefp.o)
    0x08000756   0x0000006e   Code   RO         3944    .text               mf_w.l(fepilogue.o)
    0x080007c4   0x000000ba   Code   RO         3946    .text               mf_w.l(depilogue.o)
    0x0800087e   0x00000002   PAD
    0x08000880   0x00000024   Code   RO         3952    .text               mc_w.l(init.o)
    0x080008a4   0x000000a2   Code   RO         3956    .text               mf_w.l(dsqrt.o)
    0x08000946   0x00000002   Code   RO         3200    i.BusFault_Handler  stm32f1xx_it.o
    0x08000948   0x0000010c   Code   RO         3525    i.Change_Robot_Position  robot_motion_control.o
    0x08000a54   0x00000020   Code   RO         3476    i.Check_If_Balancing_Mode_Activated  pid_motor_control.o
    0x08000a74   0x00000040   Code   RO         3526    i.Check_If_Robot_Enters_Vertical_Position  robot_motion_control.o
    0x08000ab4   0x00000058   Code   RO         3527    i.Check_If_Robot_Tips_Over  robot_motion_control.o
    0x08000b0c   0x00000002   Code   RO         3201    i.DebugMon_Handler  stm32f1xx_it.o
    0x08000b0e   0x00000002   PAD
    0x08000b10   0x00000098   Code   RO         2066    i.HAL_DMA_Abort_IT  stm32f1xx_hal_dma.o
    0x08000ba8   0x0000001c   Code   RO           11    i.HAL_Delay         stm32f1xx_hal.o
    0x08000bc4   0x000001bc   Code   RO         1365    i.HAL_GPIO_Init     stm32f1xx_hal_gpio.o
    0x08000d80   0x0000000a   Code   RO         1367    i.HAL_GPIO_ReadPin  stm32f1xx_hal_gpio.o
    0x08000d8a   0x00000008   Code   RO         1368    i.HAL_GPIO_TogglePin  stm32f1xx_hal_gpio.o
    0x08000d92   0x0000000a   Code   RO         1369    i.HAL_GPIO_WritePin  stm32f1xx_hal_gpio.o
    0x08000d9c   0x0000000c   Code   RO           15    i.HAL_GetTick       stm32f1xx_hal.o
    0x08000da8   0x00000002   Code   RO         1464    i.HAL_I2C_AbortCpltCallback  stm32f1xx_hal_i2c.o
    0x08000daa   0x00000002   Code   RO         1465    i.HAL_I2C_AddrCallback  stm32f1xx_hal_i2c.o
    0x08000dac   0x000000d0   Code   RO         1468    i.HAL_I2C_ER_IRQHandler  stm32f1xx_hal_i2c.o
    0x08000e7c   0x000001f0   Code   RO         1469    i.HAL_I2C_EV_IRQHandler  stm32f1xx_hal_i2c.o
    0x0800106c   0x00000002   Code   RO         1471    i.HAL_I2C_ErrorCallback  stm32f1xx_hal_i2c.o
    0x0800106e   0x00000002   PAD
    0x08001070   0x00000108   Code   RO         1475    i.HAL_I2C_Init      stm32f1xx_hal_i2c.o
    0x08001178   0x00000002   Code   RO         1477    i.HAL_I2C_ListenCpltCallback  stm32f1xx_hal_i2c.o
    0x0800117a   0x00000002   Code   RO         1478    i.HAL_I2C_MasterRxCpltCallback  stm32f1xx_hal_i2c.o
    0x0800117c   0x00000002   Code   RO         1479    i.HAL_I2C_MasterTxCpltCallback  stm32f1xx_hal_i2c.o
    0x0800117e   0x00000002   PAD
    0x08001180   0x00000210   Code   RO         1481    i.HAL_I2C_Master_Receive  stm32f1xx_hal_i2c.o
    0x08001390   0x00000138   Code   RO         1486    i.HAL_I2C_Master_Transmit  stm32f1xx_hal_i2c.o
    0x080014c8   0x00000002   Code   RO         1489    i.HAL_I2C_MemRxCpltCallback  stm32f1xx_hal_i2c.o
    0x080014ca   0x00000002   Code   RO         1490    i.HAL_I2C_MemTxCpltCallback  stm32f1xx_hal_i2c.o
    0x080014cc   0x00000090   Code   RO         3123    i.HAL_I2C_MspInit   stm32f1xx_hal_msp.o
    0x0800155c   0x00000002   Code   RO         1499    i.HAL_I2C_SlaveRxCpltCallback  stm32f1xx_hal_i2c.o
    0x0800155e   0x00000002   Code   RO         1500    i.HAL_I2C_SlaveTxCpltCallback  stm32f1xx_hal_i2c.o
    0x08001560   0x00000010   Code   RO           17    i.HAL_IncTick       stm32f1xx_hal.o
    0x08001570   0x00000024   Code   RO           18    i.HAL_Init          stm32f1xx_hal.o
    0x08001594   0x00000028   Code   RO           19    i.HAL_InitTick      stm32f1xx_hal.o
    0x080015bc   0x00000084   Code   RO         3124    i.HAL_MspInit       stm32f1xx_hal_msp.o
    0x08001640   0x00000016   Code   RO         1864    i.HAL_NVIC_EnableIRQ  stm32f1xx_hal_cortex.o
    0x08001656   0x00000002   PAD
    0x08001658   0x00000040   Code   RO         1870    i.HAL_NVIC_SetPriority  stm32f1xx_hal_cortex.o
    0x08001698   0x00000024   Code   RO         1871    i.HAL_NVIC_SetPriorityGrouping  stm32f1xx_hal_cortex.o
    0x080016bc   0x00000154   Code   RO          630    i.HAL_RCC_ClockConfig  stm32f1xx_hal_rcc.o
    0x08001810   0x0000000c   Code   RO          635    i.HAL_RCC_GetHCLKFreq  stm32f1xx_hal_rcc.o
    0x0800181c   0x00000020   Code   RO          637    i.HAL_RCC_GetPCLK1Freq  stm32f1xx_hal_rcc.o
    0x0800183c   0x00000020   Code   RO          638    i.HAL_RCC_GetPCLK2Freq  stm32f1xx_hal_rcc.o
    0x0800185c   0x0000006c   Code   RO          639    i.HAL_RCC_GetSysClockFreq  stm32f1xx_hal_rcc.o
    0x080018c8   0x00000304   Code   RO          642    i.HAL_RCC_OscConfig  stm32f1xx_hal_rcc.o
    0x08001bcc   0x00000082   Code   RO         2588    i.HAL_SPI_Init      stm32f1xx_hal_spi_ex.o
    0x08001c4e   0x00000002   PAD
    0x08001c50   0x00000058   Code   RO         3126    i.HAL_SPI_MspInit   stm32f1xx_hal_msp.o
    0x08001ca8   0x00000150   Code   RO         2626    i.HAL_SPI_Receive   stm32f1xx_hal_spi.o
    0x08001df8   0x00000168   Code   RO         2631    i.HAL_SPI_Transmit  stm32f1xx_hal_spi.o
    0x08001f60   0x000001d8   Code   RO         2632    i.HAL_SPI_TransmitReceive  stm32f1xx_hal_spi.o
    0x08002138   0x00000018   Code   RO         1873    i.HAL_SYSTICK_CLKSourceConfig  stm32f1xx_hal_cortex.o
    0x08002150   0x00000002   Code   RO         1874    i.HAL_SYSTICK_Callback  stm32f1xx_hal_cortex.o
    0x08002152   0x00000028   Code   RO         1875    i.HAL_SYSTICK_Config  stm32f1xx_hal_cortex.o
    0x0800217a   0x00000008   Code   RO         1876    i.HAL_SYSTICK_IRQHandler  stm32f1xx_hal_cortex.o
    0x08002182   0x00000002   Code   RO          396    i.HAL_TIMEx_BreakCallback  stm32f1xx_hal_tim_ex.o
    0x08002184   0x00000002   Code   RO          397    i.HAL_TIMEx_CommutationCallback  stm32f1xx_hal_tim_ex.o
    0x08002186   0x00000050   Code   RO          413    i.HAL_TIMEx_MasterConfigSynchronization  stm32f1xx_hal_tim_ex.o
    0x080021d6   0x00000036   Code   RO          733    i.HAL_TIM_Base_Init  stm32f1xx_hal_tim.o
    0x0800220c   0x000000ec   Code   RO         3128    i.HAL_TIM_Base_MspInit  stm32f1xx_hal_msp.o
    0x080022f8   0x00000018   Code   RO          738    i.HAL_TIM_Base_Start_IT  stm32f1xx_hal_tim.o
    0x08002310   0x000000f2   Code   RO          742    i.HAL_TIM_ConfigClockSource  stm32f1xx_hal_tim.o
    0x08002402   0x00000002   PAD
    0x08002404   0x00000114   Code   RO         2980    i.HAL_TIM_IC_CaptureCallback  main.o
    0x08002518   0x0000011a   Code   RO          763    i.HAL_TIM_IC_ConfigChannel  stm32f1xx_hal_tim.o
    0x08002632   0x00000036   Code   RO          766    i.HAL_TIM_IC_Init   stm32f1xx_hal_tim.o
    0x08002668   0x00000002   Code   RO          768    i.HAL_TIM_IC_MspInit  stm32f1xx_hal_tim.o
    0x0800266a   0x0000004c   Code   RO          771    i.HAL_TIM_IC_Start_IT  stm32f1xx_hal_tim.o
    0x080026b6   0x00000166   Code   RO          775    i.HAL_TIM_IRQHandler  stm32f1xx_hal_tim.o
    0x0800281c   0x00000024   Code   RO         3129    i.HAL_TIM_MspPostInit  stm32f1xx_hal_msp.o
    0x08002840   0x00000002   Code   RO          778    i.HAL_TIM_OC_DelayElapsedCallback  stm32f1xx_hal_tim.o
    0x08002842   0x000000d0   Code   RO          799    i.HAL_TIM_PWM_ConfigChannel  stm32f1xx_hal_tim.o
    0x08002912   0x00000036   Code   RO          802    i.HAL_TIM_PWM_Init  stm32f1xx_hal_tim.o
    0x08002948   0x00000002   Code   RO          804    i.HAL_TIM_PWM_MspInit  stm32f1xx_hal_tim.o
    0x0800294a   0x00000002   Code   RO          805    i.HAL_TIM_PWM_PulseFinishedCallback  stm32f1xx_hal_tim.o
    0x0800294c   0x00000030   Code   RO          806    i.HAL_TIM_PWM_Start  stm32f1xx_hal_tim.o
    0x0800297c   0x000000d0   Code   RO         2981    i.HAL_TIM_PeriodElapsedCallback  main.o
    0x08002a4c   0x00000002   Code   RO          816    i.HAL_TIM_TriggerCallback  stm32f1xx_hal_tim.o
    0x08002a4e   0x00000002   Code   RO         2283    i.HAL_UART_ErrorCallback  stm32f1xx_hal_uart.o
    0x08002a50   0x00000110   Code   RO         2286    i.HAL_UART_IRQHandler  stm32f1xx_hal_uart.o
    0x08002b60   0x00000062   Code   RO         2287    i.HAL_UART_Init     stm32f1xx_hal_uart.o
    0x08002bc2   0x00000002   PAD
    0x08002bc4   0x00000068   Code   RO         3131    i.HAL_UART_MspInit  stm32f1xx_hal_msp.o
    0x08002c2c   0x00000052   Code   RO         2292    i.HAL_UART_Receive_IT  stm32f1xx_hal_uart.o
    0x08002c7e   0x00000002   PAD
    0x08002c80   0x0000006c   Code   RO         2982    i.HAL_UART_RxCpltCallback  main.o
    0x08002cec   0x000000ba   Code   RO         2295    i.HAL_UART_Transmit  stm32f1xx_hal_uart.o
    0x08002da6   0x00000002   Code   RO         2298    i.HAL_UART_TxCpltCallback  stm32f1xx_hal_uart.o
    0x08002da8   0x00000002   Code   RO         3202    i.HardFault_Handler  stm32f1xx_it.o
    0x08002daa   0x00000002   PAD
    0x08002dac   0x0000000c   Code   RO         3203    i.I2C1_ER_IRQHandler  stm32f1xx_it.o
    0x08002db8   0x0000000c   Code   RO         3204    i.I2C1_EV_IRQHandler  stm32f1xx_it.o
    0x08002dc4   0x0000004e   Code   RO         1509    i.I2C_DMAAbort      stm32f1xx_hal_i2c.o
    0x08002e12   0x00000002   PAD
    0x08002e14   0x00000124   Code   RO         1512    i.I2C_ITError       stm32f1xx_hal_i2c.o
    0x08002f38   0x00000028   Code   RO         1513    i.I2C_IsAcknowledgeFailed  stm32f1xx_hal_i2c.o
    0x08002f60   0x000000c8   Code   RO         1514    i.I2C_MasterReceive_BTF  stm32f1xx_hal_i2c.o
    0x08003028   0x000000ae   Code   RO         1515    i.I2C_MasterReceive_RXNE  stm32f1xx_hal_i2c.o
    0x080030d6   0x000000de   Code   RO         1516    i.I2C_MasterRequestRead  stm32f1xx_hal_i2c.o
    0x080031b4   0x00000094   Code   RO         1517    i.I2C_MasterRequestWrite  stm32f1xx_hal_i2c.o
    0x08003248   0x00000080   Code   RO         1518    i.I2C_MasterTransmit_BTF  stm32f1xx_hal_i2c.o
    0x080032c8   0x00000108   Code   RO         1519    i.I2C_MasterTransmit_TXE  stm32f1xx_hal_i2c.o
    0x080033d0   0x0000011a   Code   RO         1520    i.I2C_Master_ADDR   stm32f1xx_hal_i2c.o
    0x080034ea   0x0000005a   Code   RO         1521    i.I2C_Master_SB     stm32f1xx_hal_i2c.o
    0x08003544   0x00000084   Code   RO         1524    i.I2C_Slave_AF      stm32f1xx_hal_i2c.o
    0x080035c8   0x000000dc   Code   RO         1525    i.I2C_Slave_STOPF   stm32f1xx_hal_i2c.o
    0x080036a4   0x0000004e   Code   RO         1526    i.I2C_WaitOnBTFFlagUntilTimeout  stm32f1xx_hal_i2c.o
    0x080036f2   0x00000060   Code   RO         1527    i.I2C_WaitOnFlagUntilTimeout  stm32f1xx_hal_i2c.o
    0x08003752   0x00000002   PAD
    0x08003754   0x00000088   Code   RO         1528    i.I2C_WaitOnMasterAddressFlagUntilTimeout  stm32f1xx_hal_i2c.o
    0x080037dc   0x00000062   Code   RO         1529    i.I2C_WaitOnRXNEFlagUntilTimeout  stm32f1xx_hal_i2c.o
    0x0800383e   0x0000004e   Code   RO         1530    i.I2C_WaitOnTXEFlagUntilTimeout  stm32f1xx_hal_i2c.o
    0x0800388c   0x00000124   Code   RO         3427    i.MPU6050_calculate_angle_gyro  mpu6050.o
    0x080039b0   0x00000068   Code   RO         3428    i.MPU6050_config    mpu6050.o
    0x08003a18   0x00000090   Code   RO         3429    i.MPU6050_detect_initial_angle  mpu6050.o
    0x08003aa8   0x00000088   Code   RO         3430    i.MPU6050_pitch_calibration  mpu6050.o
    0x08003b30   0x000000c4   Code   RO         2983    i.MX_GPIO_Init      main.o
    0x08003bf4   0x00000038   Code   RO         2984    i.MX_I2C1_Init      main.o
    0x08003c2c   0x00000038   Code   RO         2985    i.MX_I2C2_Init      main.o
    0x08003c64   0x00000040   Code   RO         2986    i.MX_SPI1_Init      main.o
    0x08003ca4   0x00000078   Code   RO         2987    i.MX_TIM1_Init      main.o
    0x08003d1c   0x00000088   Code   RO         2988    i.MX_TIM2_Init      main.o
    0x08003da4   0x00000078   Code   RO         2989    i.MX_TIM3_Init      main.o
    0x08003e1c   0x00000054   Code   RO         2990    i.MX_TIM4_Init      main.o
    0x08003e70   0x00000002   Code   RO         3205    i.MemManage_Handler  stm32f1xx_it.o
    0x08003e72   0x00000002   Code   RO         3206    i.NMI_Handler       stm32f1xx_it.o
    0x08003e74   0x00000034   Code   RO         3312    i.NRF24_FlushRx     nrf24l01.o
    0x08003ea8   0x00000090   Code   RO         3314    i.NRF24_init        nrf24l01.o
    0x08003f38   0x00000048   Code   RO         3316    i.NRF24_read_reg    nrf24l01.o
    0x08003f80   0x00000048   Code   RO         3317    i.NRF24_write_reg   nrf24l01.o
    0x08003fc8   0x00000020   Code   RO         1877    i.NVIC_SetPriority  stm32f1xx_hal_cortex.o
    0x08003fe8   0x00000002   Code   RO         3207    i.PendSV_Handler    stm32f1xx_it.o
    0x08003fea   0x00000002   PAD
    0x08003fec   0x00000084   Code   RO         3528    i.Raise_Or_Lower_Down_Robot  robot_motion_control.o
    0x08004070   0x0000003c   Code   RO         3529    i.Rotate_Servo_Arm_To_Vertical_Position  robot_motion_control.o
    0x080040ac   0x00000020   Code   RO         2647    i.SPI_CheckFlag_BSY  stm32f1xx_hal_spi.o
    0x080040cc   0x00000096   Code   RO         2666    i.SPI_WaitFlagStateUntilTimeout  stm32f1xx_hal_spi.o
    0x08004162   0x00000002   Code   RO         3208    i.SVC_Handler       stm32f1xx_it.o
    0x08004164   0x0000001c   Code   RO         2991    i.SysTick_Handler   main.o
    0x08004180   0x00000068   Code   RO         2992    i.SystemClock_Config  main.o
    0x080041e8   0x00000048   Code   RO         2943    i.SystemInit        system_stm32f1xx.o
    0x08004230   0x0000000c   Code   RO         3209    i.TIM1_CC_IRQHandler  stm32f1xx_it.o
    0x0800423c   0x0000000c   Code   RO         3210    i.TIM2_IRQHandler   stm32f1xx_it.o
    0x08004248   0x0000000c   Code   RO         3211    i.TIM3_IRQHandler   stm32f1xx_it.o
    0x08004254   0x0000000c   Code   RO         3212    i.TIM4_IRQHandler   stm32f1xx_it.o
    0x08004260   0x0000006c   Code   RO          817    i.TIM_Base_SetConfig  stm32f1xx_hal_tim.o
    0x080042cc   0x00000016   Code   RO          818    i.TIM_CCxChannelCmd  stm32f1xx_hal_tim.o
    0x080042e2   0x00000014   Code   RO          824    i.TIM_ETR_SetConfig  stm32f1xx_hal_tim.o
    0x080042f6   0x00000010   Code   RO          825    i.TIM_ITRx_SetConfig  stm32f1xx_hal_tim.o
    0x08004306   0x00000002   PAD
    0x08004308   0x00000050   Code   RO          826    i.TIM_OC1_SetConfig  stm32f1xx_hal_tim.o
    0x08004358   0x00000058   Code   RO          827    i.TIM_OC2_SetConfig  stm32f1xx_hal_tim.o
    0x080043b0   0x00000058   Code   RO          828    i.TIM_OC3_SetConfig  stm32f1xx_hal_tim.o
    0x08004408   0x00000044   Code   RO          829    i.TIM_OC4_SetConfig  stm32f1xx_hal_tim.o
    0x0800444c   0x00000022   Code   RO          831    i.TIM_TI1_ConfigInputStage  stm32f1xx_hal_tim.o
    0x0800446e   0x00000002   PAD
    0x08004470   0x00000058   Code   RO          832    i.TIM_TI1_SetConfig  stm32f1xx_hal_tim.o
    0x080044c8   0x00000024   Code   RO          833    i.TIM_TI2_ConfigInputStage  stm32f1xx_hal_tim.o
    0x080044ec   0x00000036   Code   RO          834    i.TIM_TI2_SetConfig  stm32f1xx_hal_tim.o
    0x08004522   0x00000010   Code   RO         2300    i.UART_DMAAbortOnError  stm32f1xx_hal_uart.o
    0x08004532   0x0000001c   Code   RO         2310    i.UART_EndRxTransfer  stm32f1xx_hal_uart.o
    0x0800454e   0x00000096   Code   RO         2312    i.UART_Receive_IT   stm32f1xx_hal_uart.o
    0x080045e4   0x00000170   Code   RO         2313    i.UART_SetConfig    stm32f1xx_hal_uart.o
    0x08004754   0x00000062   Code   RO         2314    i.UART_Transmit_IT  stm32f1xx_hal_uart.o
    0x080047b6   0x00000064   Code   RO         2315    i.UART_WaitOnFlagUntilTimeout  stm32f1xx_hal_uart.o
    0x0800481a   0x00000002   PAD
    0x0800481c   0x0000000c   Code   RO         3213    i.USART1_IRQHandler  stm32f1xx_it.o
    0x08004828   0x00000002   Code   RO         3214    i.UsageFault_Handler  stm32f1xx_it.o
    0x0800482a   0x00000002   PAD
    0x0800482c   0x00000028   Code   RO         3641    i.__0sprintf$1      mc_w.l(printf1.o)
    0x08004854   0x00000028   Code   RO         3899    i.__ARM_fpclassify  m_ws.l(fpclassify.o)
    0x0800487c   0x000000aa   Code   RO         3901    i.__kernel_poly     m_ws.l(poly.o)
    0x08004926   0x00000006   Code   RO         3886    i.__mathlib_dbl_infnan  m_ws.l(dunder.o)
    0x0800492c   0x0000000c   Code   RO         3888    i.__mathlib_dbl_invalid  m_ws.l(dunder.o)
    0x08004938   0x00000010   Code   RO         3891    i.__mathlib_dbl_underflow  m_ws.l(dunder.o)
    0x08004948   0x0000000e   Code   RO         3962    i.__scatterload_copy  mc_w.l(handlers.o)
    0x08004956   0x00000002   Code   RO         3963    i.__scatterload_null  mc_w.l(handlers.o)
    0x08004958   0x0000000e   Code   RO         3964    i.__scatterload_zeroinit  mc_w.l(handlers.o)
    0x08004966   0x00000002   PAD
    0x08004968   0x0000000c   Code   RO         3938    i.__set_errno       mc_w.l(errno.o)
    0x08004974   0x00000154   Code   RO         3646    i._printf_core      mc_w.l(printf1.o)
    0x08004ac8   0x0000000a   Code   RO         3648    i._sputc            mc_w.l(printf1.o)
    0x08004ad2   0x00000002   PAD
    0x08004ad4   0x00000270   Code   RO         3578    i.asin              m_ws.l(asin.o)
    0x08004d44   0x00000084   Code   RO         3318    i.check_NRF24L01_payload  nrf24l01.o
    0x08004dc8   0x00000154   Code   RO         2994    i.main              main.o
    0x08004f1c   0x00000028   Code   RO         2995    i.micro             main.o
    0x08004f44   0x00000190   Code   RO         3477    i.motor_movement_control  pid_motor_control.o
    0x080050d4   0x00000118   Code   RO         3478    i.motor_pulse_calculations  pid_motor_control.o
    0x080051ec   0x0000010c   Code   RO         3479    i.pid_output_calculations  pid_motor_control.o
    0x080052f8   0x0000004c   Code   RO         3904    i.sqrt              m_ws.l(sqrt.o)
    0x08005344   0x00000010   Data   RO         2944    .constdata          system_stm32f1xx.o
    0x08005354   0x00000008   Data   RO         2945    .constdata          system_stm32f1xx.o
    0x0800535c   0x00000004   PAD
    0x08005360   0x00000050   Data   RO         3579    .constdata          m_ws.l(asin.o)
    0x080053b0   0x00000020   Data   RO         3960    Region$$Table       anon$$obj.o


    Execution Region RW_IRAM1 (Base: 0x20000000, Size: 0x00000740, Max: 0x00005000, ABSOLUTE)

    Base Addr    Size         Type   Attr      Idx    E Section Name        Object

    0x20000000   0x00000004   Data   RW           24    .data               stm32f1xx_hal.o
    0x20000004   0x00000004   Data   RW         2946    .data               system_stm32f1xx.o
    0x20000008   0x00000030   Data   RW         2997    .data               main.o
    0x20000038   0x00000001   Data   RW         2999    .data               main.o
    0x20000039   0x00000003   PAD
    0x2000003c   0x00000004   Data   RW         3004    .data               main.o
    0x20000040   0x00000004   Data   RW         3005    .data               main.o
    0x20000044   0x00000004   Data   RW         3006    .data               main.o
    0x20000048   0x00000004   Data   RW         3008    .data               main.o
    0x2000004c   0x00000006   Data   RW         3319    .data               nrf24l01.o
    0x20000052   0x00000002   PAD
    0x20000054   0x00000012   Data   RW         3431    .data               mpu6050.o
    0x20000066   0x00000002   PAD
    0x20000068   0x0000002c   Data   RW         3480    .data               pid_motor_control.o
    0x20000094   0x00000004   Data   RW         3530    .data               robot_motion_control.o
    0x20000098   0x00000004   Data   RW         3939    .data               mc_w.l(errno.o)
    0x2000009c   0x000002a4   Zero   RW         2996    .bss                main.o
    0x20000340   0x00000400   Zero   RW         2932    STACK               startup_stm32f103xb.o


==============================================================================

Image component sizes


      Code (inc. data)   RO Data    RW Data    ZI Data      Debug   Object Name

      1936        218          0         65        676      11465   main.o
       676        106          0         18          0       2811   mpu6050.o
       472         56          0          6          0       3034   nrf24l01.o
       980        150          0         44          0       3025   pid_motor_control.o
       612        136          0          4          0       3143   robot_motion_control.o
        36          8        236          0       1024        748   startup_stm32f103xb.o
       132         22          0          4          0     445863   stm32f1xx_hal.o
       228         14          0          0          0      27193   stm32f1xx_hal_cortex.o
       152          4          0          0          0       1055   stm32f1xx_hal_dma.o
       472         36          0          0          0       3968   stm32f1xx_hal_gpio.o
      4584         76          0          0          0      27812   stm32f1xx_hal_i2c.o
       740         88          0          0          0       4142   stm32f1xx_hal_msp.o
      1296        104          0          0          0       5472   stm32f1xx_hal_rcc.o
      1350          0          0          0          0       5923   stm32f1xx_hal_spi.o
       130          0          0          0          0       1023   stm32f1xx_hal_spi_ex.o
      2112         52          0          0          0      18823   stm32f1xx_hal_tim.o
        84          0          0          0          0       2238   stm32f1xx_hal_tim_ex.o
      1402         10          0          0          0       9011   stm32f1xx_hal_uart.o
       100         42          0          0          0       6005   stm32f1xx_it.o
        72         16         24          4          0       1091   system_stm32f1xx.o

    ----------------------------------------------------------------------
     17598       1138        296        152       1700     583845   Object Totals
         0          0         32          0          0          0   (incl. Generated)
        32          0          4          7          0          0   (incl. Padding)

    ----------------------------------------------------------------------

      Code (inc. data)   RO Data    RW Data    ZI Data      Debug   Library Member Name

       624         52         80          0          0        168   asin.o
        34          6          0          0          0        204   dunder.o
        40          0          0          0          0         68   fpclassify.o
       170          0          0          0          0         96   poly.o
        76          0          0          0          0         84   sqrt.o
         0          0          0          0          0          0   entry.o
         0          0          0          0          0          0   entry10a.o
         0          0          0          0          0          0   entry11a.o
         8          4          0          0          0          0   entry2.o
         4          0          0          0          0          0   entry5.o
         0          0          0          0          0          0   entry7b.o
         0          0          0          0          0          0   entry8b.o
         8          4          0          0          0          0   entry9a.o
        12          6          0          4          0         68   errno.o
        30          0          0          0          0          0   handlers.o
        36          8          0          0          0         68   init.o
         0          0          0          0          0          0   iusefp.o
        30          0          0          0          0         68   llshl.o
        36          0          0          0          0         68   llsshr.o
        32          0          0          0          0         68   llushr.o
       390         10          0          0          0        252   printf1.o
        14          0          0          0          0         68   strlen.o
        44          0          0          0          0         80   uidiv.o
        20          0          0          0          0         68   cfcmple.o
        56          0          0          0          0         88   d2f.o
       334          0          0          0          0        148   dadd.o
       222          0          0          0          0        100   ddiv.o
       186          0          0          0          0        176   depilogue.o
        34          0          0          0          0         76   dflti.o
       228          0          0          0          0         96   dmul.o
        46          0          0          0          0         80   dscalb.o
       162          0          0          0          0        100   dsqrt.o
        38          0          0          0          0         68   f2d.o
       176          0          0          0          0        140   fadd.o
       124          0          0          0          0         88   fdiv.o
       110          0          0          0          0        168   fepilogue.o
        50          0          0          0          0         68   ffixi.o
       100          0          0          0          0         76   fmul.o

    ----------------------------------------------------------------------
      3482         90         80          4          0       2900   Library Totals
         8          0          0          0          0          0   (incl. Padding)

    ----------------------------------------------------------------------

      Code (inc. data)   RO Data    RW Data    ZI Data      Debug   Library Name

       944         58         80          0          0        620   m_ws.l
       644         32          0          4          0        740   mc_w.l
      1886          0          0          0          0       1540   mf_w.l

    ----------------------------------------------------------------------
      3482         90         80          4          0       2900   Library Totals

    ----------------------------------------------------------------------

==============================================================================


      Code (inc. data)   RO Data    RW Data    ZI Data      Debug   

     21080       1228        376        156       1700     577173   Grand Totals
     21080       1228        376        156       1700     577173   ELF Image Totals
     21080       1228        376        156          0          0   ROM Totals

==============================================================================

    Total RO  Size (Code + RO Data)                21456 (  20.95kB)
    Total RW  Size (RW Data + ZI Data)              1856 (   1.81kB)
    Total ROM Size (Code + RO Data + RW Data)      21612 (  21.11kB)

==============================================================================

